Sep 14 14:26:58 cu-cs-vm rsyslogd: [origin software="rsyslogd" swVersion="8.16.0" x-pid="3761" x-info="http://www.rsyslog.com"] rsyslogd was HUPed
Sep 14 14:27:06 cu-cs-vm anacron[3796]: Job `cron.daily' terminated
Sep 14 14:27:06 cu-cs-vm anacron[3796]: Normal exit (1 job run)
Sep 14 14:27:52 cu-cs-vm systemd-timesyncd[3277]: Timed out waiting for reply from 91.189.89.198:123 (ntp.ubuntu.com).
Sep 14 14:28:02 cu-cs-vm systemd-timesyncd[3277]: Timed out waiting for reply from 91.189.89.199:123 (ntp.ubuntu.com).
Sep 14 14:28:13 cu-cs-vm systemd-timesyncd[3277]: Timed out waiting for reply from 91.189.91.157:123 (ntp.ubuntu.com).
Sep 14 14:30:31 cu-cs-vm systemd-timesyncd[3277]: Timed out waiting for reply from 91.189.89.198:123 (ntp.ubuntu.com).
Sep 14 14:30:41 cu-cs-vm systemd-timesyncd[3277]: Timed out waiting for reply from 91.189.91.157:123 (ntp.ubuntu.com).
Sep 14 14:30:44 cu-cs-vm kernel: [  534.599328] BUG: unable to handle kernel paging request at 0000000001bb6010
Sep 14 14:30:44 cu-cs-vm kernel: [  534.599336] IP: sys_simple_add+0x12/0x50
Sep 14 14:30:44 cu-cs-vm kernel: [  534.599337] PGD 10b24067 
Sep 14 14:30:44 cu-cs-vm kernel: [  534.599337] PUD 10b23067 
Sep 14 14:30:44 cu-cs-vm kernel: [  534.599338] PMD 10b3c067 
Sep 14 14:30:44 cu-cs-vm kernel: [  534.599339] PTE 800000003c45e867
Sep 14 14:30:44 cu-cs-vm kernel: [  534.599339] 
Sep 14 14:30:44 cu-cs-vm kernel: [  534.599341] Oops: 0003 [#3] SMP
Sep 14 14:30:44 cu-cs-vm kernel: [  534.599343] Modules linked in: vmw_vsock_vmci_transport vsock coretemp crct10dif_pclmul crc32_pclmul ghash_clmulni_intel pcbc vmw_balloon aesni_intel aes_x86_64 crypto_simd cryptd glue_helper binfmt_misc joydev input_leds serio_raw snd_ens1371 gameport snd_ac97_codec ac97_bus snd_pcm snd_seq_midi snd_seq_midi_event snd_rawmidi snd_seq snd_timer snd_seq_device snd soundcore vmw_vmci nfit mac_hid shpchp parport_pc ppdev lp parport autofs4 btrfs xor raid6_pq vmw_pvscsi vmxnet3 hid_generic usbhid hid psmouse vmwgfx drm_kms_helper syscopyarea sysfillrect sysimgblt fb_sys_fops ttm drm ahci libahci mptspi pcnet32 scsi_transport_spi mii mptscsih mptbase pata_acpi fjes
Sep 14 14:30:44 cu-cs-vm kernel: [  534.599363] CPU: 0 PID: 6080 Comm: AddTest2 Tainted: G      D         4.10.17-ToshOS #5
Sep 14 14:30:44 cu-cs-vm kernel: [  534.599363] Hardware name: VMware, Inc. VMware Virtual Platform/440BX Desktop Reference Platform, BIOS 6.00 07/02/2015
Sep 14 14:30:44 cu-cs-vm kernel: [  534.599364] task: ffff8812fde74380 task.stack: ffffb5e80432c000
Sep 14 14:30:44 cu-cs-vm kernel: [  534.599366] RIP: 0010:sys_simple_add+0x12/0x50
Sep 14 14:30:44 cu-cs-vm kernel: [  534.599367] RSP: 0018:ffffb5e80432ff38 EFLAGS: 00010283
Sep 14 14:30:44 cu-cs-vm kernel: [  534.599368] RAX: 0000000000000004 RBX: 0000000000000000 RCX: 0000000001bb6000
Sep 14 14:30:44 cu-cs-vm kernel: [  534.599369] RDX: 0000000001bb6010 RSI: 0000000000000002 RDI: 0000000000000002
Sep 14 14:30:44 cu-cs-vm kernel: [  534.599369] RBP: ffffb5e80432ff48 R08: 000000000000000d R09: 0000000200000002
Sep 14 14:30:44 cu-cs-vm kernel: [  534.599370] R10: 0000000001bb6000 R11: ffff8812fde74380 R12: 0000000000000002
Sep 14 14:30:44 cu-cs-vm kernel: [  534.599371] R13: 00007ffed40c8670 R14: 0000000000000000 R15: 0000000000000000
Sep 14 14:30:44 cu-cs-vm kernel: [  534.599372] FS:  00007f27c2312700(0000) GS:ffff88133b600000(0000) knlGS:0000000000000000
Sep 14 14:30:44 cu-cs-vm kernel: [  534.599373] CS:  0010 DS: 0000 ES: 0000 CR0: 0000000080050033
Sep 14 14:30:44 cu-cs-vm kernel: [  534.599373] CR2: 0000000001bb6010 CR3: 0000000010b21000 CR4: 00000000003406f0
Sep 14 14:30:44 cu-cs-vm kernel: [  534.599417] Call Trace:
Sep 14 14:30:44 cu-cs-vm kernel: [  534.599421]  entry_SYSCALL_64_fastpath+0x1e/0xad
Sep 14 14:30:44 cu-cs-vm kernel: [  534.599422] RIP: 0033:0x7f27c1e49499
Sep 14 14:30:44 cu-cs-vm kernel: [  534.599422] RSP: 002b:00007ffed40c8578 EFLAGS: 00000206 ORIG_RAX: 000000000000014d
Sep 14 14:30:44 cu-cs-vm kernel: [  534.599424] RAX: ffffffffffffffda RBX: 00007f27c210cb20 RCX: 00007f27c1e49499
Sep 14 14:30:44 cu-cs-vm kernel: [  534.599424] RDX: 0000000001bb6010 RSI: 0000000000000002 RDI: 0000000000000002
Sep 14 14:30:44 cu-cs-vm kernel: [  534.599425] RBP: 0000000000000020 R08: 000000000000000d R09: 0000000200000002
Sep 14 14:30:44 cu-cs-vm kernel: [  534.599426] R10: 0000000001bb6000 R11: 0000000000000206 R12: 0000000000000000
Sep 14 14:30:44 cu-cs-vm kernel: [  534.599426] R13: 00007f27c210cb78 R14: 0000000000000000 R15: 0000000000000000
Sep 14 14:30:44 cu-cs-vm kernel: [  534.599427] Code: c7 c7 20 c3 e5 a5 48 89 e5 e8 93 0d 14 00 31 c0 5d c3 0f 1f 80 00 00 00 00 0f 1f 44 00 00 55 8d 04 37 48 89 e5 41 54 53 41 89 f4 <89> 02 89 fe 48 c7 c7 c8 52 e6 a5 48 89 d3 e8 63 0d 14 00 44 89 
Sep 14 14:30:44 cu-cs-vm kernel: [  534.599443] RIP: sys_simple_add+0x12/0x50 RSP: ffffb5e80432ff38
Sep 14 14:30:44 cu-cs-vm kernel: [  534.599443] CR2: 0000000001bb6010
Sep 14 14:30:44 cu-cs-vm kernel: [  534.599445] ---[ end trace 99446ce1336cc84f ]---
Sep 14 14:30:52 cu-cs-vm systemd-timesyncd[3277]: Timed out waiting for reply from 91.189.89.199:123 (ntp.ubuntu.com).
Sep 14 14:30:58 cu-cs-vm kernel: [  547.819408] hello world, Welcome to ToshOS
Sep 14 14:31:02 cu-cs-vm kernel: [  552.750186] hello world, Welcome to ToshOS
Sep 14 14:31:27 cu-cs-vm kernel: [  576.789799] BUG: unable to handle kernel paging request at 00000000016ab010
Sep 14 14:31:27 cu-cs-vm kernel: [  576.789806] IP: sys_simple_add+0x12/0x50
Sep 14 14:31:27 cu-cs-vm kernel: [  576.789807] PGD 70b6c067 
Sep 14 14:31:27 cu-cs-vm kernel: [  576.789808] PUD 10b34067 
Sep 14 14:31:27 cu-cs-vm kernel: [  576.789808] PMD 3c2e6067 
Sep 14 14:31:27 cu-cs-vm kernel: [  576.789809] PTE 800000004c907867
Sep 14 14:31:27 cu-cs-vm kernel: [  576.789810] 
Sep 14 14:31:27 cu-cs-vm kernel: [  576.789811] Oops: 0003 [#4] SMP
Sep 14 14:31:27 cu-cs-vm kernel: [  576.789813] Modules linked in: vmw_vsock_vmci_transport vsock coretemp crct10dif_pclmul crc32_pclmul ghash_clmulni_intel pcbc vmw_balloon aesni_intel aes_x86_64 crypto_simd cryptd glue_helper binfmt_misc joydev input_leds serio_raw snd_ens1371 gameport snd_ac97_codec ac97_bus snd_pcm snd_seq_midi snd_seq_midi_event snd_rawmidi snd_seq snd_timer snd_seq_device snd soundcore vmw_vmci nfit mac_hid shpchp parport_pc ppdev lp parport autofs4 btrfs xor raid6_pq vmw_pvscsi vmxnet3 hid_generic usbhid hid psmouse vmwgfx drm_kms_helper syscopyarea sysfillrect sysimgblt fb_sys_fops ttm drm ahci libahci mptspi pcnet32 scsi_transport_spi mii mptscsih mptbase pata_acpi fjes
Sep 14 14:31:27 cu-cs-vm kernel: [  576.789829] CPU: 0 PID: 6085 Comm: AddTest2 Tainted: G      D         4.10.17-ToshOS #5
Sep 14 14:31:27 cu-cs-vm kernel: [  576.789831] Hardware name: VMware, Inc. VMware Virtual Platform/440BX Desktop Reference Platform, BIOS 6.00 07/02/2015
Sep 14 14:31:27 cu-cs-vm kernel: [  576.789832] task: ffff8812fde75a00 task.stack: ffffb5e804a58000
Sep 14 14:31:27 cu-cs-vm kernel: [  576.789833] RIP: 0010:sys_simple_add+0x12/0x50
Sep 14 14:31:27 cu-cs-vm kernel: [  576.789834] RSP: 0018:ffffb5e804a5bf38 EFLAGS: 00010283
Sep 14 14:31:27 cu-cs-vm kernel: [  576.789835] RAX: 0000000000000004 RBX: 0000000000000000 RCX: 00000000016ab000
Sep 14 14:31:27 cu-cs-vm kernel: [  576.789836] RDX: 00000000016ab010 RSI: 0000000000000002 RDI: 0000000000000002
Sep 14 14:31:27 cu-cs-vm kernel: [  576.789837] RBP: ffffb5e804a5bf48 R08: 000000000000000d R09: 0000000200000002
Sep 14 14:31:27 cu-cs-vm kernel: [  576.789838] R10: 00000000016ab000 R11: ffff8812fde75a00 R12: 0000000000000002
Sep 14 14:31:27 cu-cs-vm kernel: [  576.789838] R13: 00007ffdb3cf87c0 R14: 0000000000000000 R15: 0000000000000000
Sep 14 14:31:27 cu-cs-vm kernel: [  576.789840] FS:  00007f3c25cb3700(0000) GS:ffff88133b600000(0000) knlGS:0000000000000000
Sep 14 14:31:27 cu-cs-vm kernel: [  576.789840] CS:  0010 DS: 0000 ES: 0000 CR0: 0000000080050033
Sep 14 14:31:27 cu-cs-vm kernel: [  576.789841] CR2: 00000000016ab010 CR3: 0000000010b27000 CR4: 00000000003406f0
Sep 14 14:31:27 cu-cs-vm kernel: [  576.789865] Call Trace:
Sep 14 14:31:27 cu-cs-vm kernel: [  576.789871]  entry_SYSCALL_64_fastpath+0x1e/0xad
Sep 14 14:31:27 cu-cs-vm kernel: [  576.789872] RIP: 0033:0x7f3c257ea499
Sep 14 14:31:27 cu-cs-vm kernel: [  576.789873] RSP: 002b:00007ffdb3cf86c8 EFLAGS: 00000202 ORIG_RAX: 000000000000014d
Sep 14 14:31:27 cu-cs-vm kernel: [  576.789874] RAX: ffffffffffffffda RBX: 00007f3c25aadb20 RCX: 00007f3c257ea499
Sep 14 14:31:27 cu-cs-vm kernel: [  576.789875] RDX: 00000000016ab010 RSI: 0000000000000002 RDI: 0000000000000002
Sep 14 14:31:27 cu-cs-vm kernel: [  576.789876] RBP: 0000000000000020 R08: 000000000000000d R09: 0000000200000002
Sep 14 14:31:27 cu-cs-vm kernel: [  576.789876] R10: 00000000016ab000 R11: 0000000000000202 R12: 0000000000000000
Sep 14 14:31:27 cu-cs-vm kernel: [  576.789877] R13: 00007f3c25aadb78 R14: 0000000000000000 R15: 0000000000000000
Sep 14 14:31:27 cu-cs-vm kernel: [  576.789878] Code: c7 c7 20 c3 e5 a5 48 89 e5 e8 93 0d 14 00 31 c0 5d c3 0f 1f 80 00 00 00 00 0f 1f 44 00 00 55 8d 04 37 48 89 e5 41 54 53 41 89 f4 <89> 02 89 fe 48 c7 c7 c8 52 e6 a5 48 89 d3 e8 63 0d 14 00 44 89 
Sep 14 14:31:27 cu-cs-vm kernel: [  576.789893] RIP: sys_simple_add+0x12/0x50 RSP: ffffb5e804a5bf38
Sep 14 14:31:27 cu-cs-vm kernel: [  576.789894] CR2: 00000000016ab010
Sep 14 14:31:27 cu-cs-vm kernel: [  576.789895] ---[ end trace 99446ce1336cc850 ]---
Sep 14 14:31:58 cu-cs-vm uptimed: moving up to position 7: 0 days, 00:10:08
Sep 14 14:35:18 cu-cs-vm systemd-timesyncd[3277]: Timed out waiting for reply from 91.189.91.157:123 (ntp.ubuntu.com).
Sep 14 14:35:28 cu-cs-vm systemd-timesyncd[3277]: Timed out waiting for reply from 91.189.89.198:123 (ntp.ubuntu.com).
Sep 14 14:35:39 cu-cs-vm systemd-timesyncd[3277]: Timed out waiting for reply from 91.189.89.199:123 (ntp.ubuntu.com).
Sep 14 14:36:05 cu-cs-vm dhclient[5492]: DHCPREQUEST of 192.168.198.134 on ens33 to 192.168.198.254 port 67 (xid=0x5770982c)
Sep 14 14:36:05 cu-cs-vm dhclient[5492]: DHCPACK of 192.168.198.134 from 192.168.198.254
Sep 14 14:36:05 cu-cs-vm NetworkManager[3742]: <info>  [1505421365.5520]   address 192.168.198.134
Sep 14 14:36:05 cu-cs-vm NetworkManager[3742]: <info>  [1505421365.5521]   plen 24 (255.255.255.0)
Sep 14 14:36:05 cu-cs-vm NetworkManager[3742]: <info>  [1505421365.5521]   gateway 192.168.198.2
Sep 14 14:36:05 cu-cs-vm NetworkManager[3742]: <info>  [1505421365.5521]   server identifier 192.168.198.254
Sep 14 14:36:05 cu-cs-vm NetworkManager[3742]: <info>  [1505421365.5522]   lease time 1800
Sep 14 14:36:05 cu-cs-vm NetworkManager[3742]: <info>  [1505421365.5522]   nameserver '192.168.198.2'
Sep 14 14:36:05 cu-cs-vm NetworkManager[3742]: <info>  [1505421365.5522]   domain name 'localdomain'
Sep 14 14:36:05 cu-cs-vm NetworkManager[3742]: <info>  [1505421365.5522]   wins '192.168.198.2'
Sep 14 14:36:05 cu-cs-vm NetworkManager[3742]: <info>  [1505421365.5522] dhcp4 (ens33): state changed bound -> bound
Sep 14 14:36:05 cu-cs-vm dbus[3616]: [system] Activating via systemd: service name='org.freedesktop.nm_dispatcher' unit='dbus-org.freedesktop.nm-dispatcher.service'
Sep 14 14:36:05 cu-cs-vm systemd[1]: Starting Network Manager Script Dispatcher Service...
Sep 14 14:36:05 cu-cs-vm dbus[3616]: [system] Successfully activated service 'org.freedesktop.nm_dispatcher'
Sep 14 14:36:05 cu-cs-vm systemd[1]: Started Network Manager Script Dispatcher Service.
Sep 14 14:36:05 cu-cs-vm dhclient[5492]: bound to 192.168.198.134 -- renewal in 822 seconds.
Sep 14 14:36:05 cu-cs-vm nm-dispatcher: req:1 'dhcp4-change' [ens33]: new request (1 scripts)
Sep 14 14:36:05 cu-cs-vm nm-dispatcher: req:1 'dhcp4-change' [ens33]: start running ordered scripts...
Sep 14 14:37:36 cu-cs-vm systemd[1]: Starting Cleanup of Temporary Directories...
Sep 14 14:37:36 cu-cs-vm systemd-tmpfiles[6118]: [/usr/lib/tmpfiles.d/var.conf:14] Duplicate line for path "/var/log", ignoring.
Sep 14 14:37:36 cu-cs-vm systemd[1]: Started Cleanup of Temporary Directories.
Sep 14 14:41:58 cu-cs-vm uptimed: moving up to position 5: 0 days, 00:20:08
Sep 14 14:44:21 cu-cs-vm systemd-timesyncd[3277]: Timed out waiting for reply from 91.189.91.157:123 (ntp.ubuntu.com).
Sep 14 14:44:31 cu-cs-vm systemd-timesyncd[3277]: Timed out waiting for reply from 91.189.89.198:123 (ntp.ubuntu.com).
Sep 14 14:44:42 cu-cs-vm systemd-timesyncd[3277]: Timed out waiting for reply from 91.189.89.199:123 (ntp.ubuntu.com).
Sep 14 14:46:43 cu-cs-vm systemd[1]: Stopping Daemon for generating UUIDs...
Sep 14 14:46:43 cu-cs-vm systemd[1]: Stopping Disk Manager...
Sep 14 14:46:43 cu-cs-vm systemd[1]: Closed Load/Save RF Kill Switch Status /dev/rfkill Watch.
Sep 14 14:46:43 cu-cs-vm systemd[1]: Stopping Authenticate and Authorize Users to Run Privileged Tasks...
Sep 14 14:46:43 cu-cs-vm systemd[1]: Stopping Session c1 of user user.
Sep 14 14:46:43 cu-cs-vm systemd[1]: Stopping Save/Restore Sound Card State...
Sep 14 14:46:43 cu-cs-vm systemd[1]: Stopping User Manager for UID 1000...
Sep 14 14:46:43 cu-cs-vm systemd[1]: Stopping Daemon for power management...
Sep 14 14:46:43 cu-cs-vm systemd[1]: Stopped target Graphical Interface.
Sep 14 14:46:43 cu-cs-vm systemd[1]: Stopping Light Display Manager...
Sep 14 14:46:43 cu-cs-vm systemd[1]: Stopped target Timers.
Sep 14 14:46:43 cu-cs-vm systemd[1]: Stopped Daily apt upgrade and clean activities.
Sep 14 14:46:43 cu-cs-vm systemd[1]: Stopped Daily apt download activities.
Sep 14 14:46:43 cu-cs-vm systemd[1]: Stopped Daily Cleanup of Temporary Directories.
Sep 14 14:46:43 cu-cs-vm systemd[1]: Stopped target Multi-User System.
Sep 14 14:46:43 cu-cs-vm systemd[1]: Stopped target Login Prompts.
Sep 14 14:46:43 cu-cs-vm systemd[1]: Stopping Getty on tty1...
Sep 14 14:46:43 cu-cs-vm systemd[1]: Stopping Snappy daemon...
Sep 14 14:46:43 cu-cs-vm systemd[1]: Stopping crash report submission daemon...
Sep 14 14:46:43 cu-cs-vm systemd[1]: Stopping Regular background program processing daemon...
Sep 14 14:26:58 cu-cs-vm rsyslogd: [origin software="rsyslogd" swVersion="8.16.0" x-pid="3761" x-info="http://www.rsyslog.com"] rsyslogd was HUPed
Sep 14 14:46:44 cu-cs-vm rsyslogd: [origin software="rsyslogd" swVersion="8.16.0" x-pid="3761" x-info="http://www.rsyslog.com"] exiting on signal 15.
Sep 14 14:46:55 cu-cs-vm rsyslogd: [origin software="rsyslogd" swVersion="8.16.0" x-pid="3888" x-info="http://www.rsyslog.com"] start
Sep 14 14:46:55 cu-cs-vm rsyslogd-2222: command 'KLogPermitNonKernelFacility' is currently not permitted - did you already set it via a RainerScript command (v6+ config)? [v8.16.0 try http://www.rsyslog.com/e/2222 ]
Sep 14 14:46:55 cu-cs-vm rsyslogd: rsyslogd's groupid changed to 108
Sep 14 14:46:55 cu-cs-vm rsyslogd: rsyslogd's userid changed to 104
Sep 14 14:46:55 cu-cs-vm rsyslogd-2039: Could not open output pipe '/dev/xconsole':: No such file or directory [v8.16.0 try http://www.rsyslog.com/e/2039 ]
Sep 14 14:46:55 cu-cs-vm rsyslogd-2007: action 'action 10' suspended, next retry is Thu Sep 14 14:47:25 2017 [v8.16.0 try http://www.rsyslog.com/e/2007 ]
Sep 14 14:46:55 cu-cs-vm kernel: [    0.000000] Initializing cgroup subsys cpuset
Sep 14 14:46:55 cu-cs-vm kernel: [    0.000000] Initializing cgroup subsys cpu
Sep 14 14:46:55 cu-cs-vm kernel: [    0.000000] Initializing cgroup subsys cpuacct
Sep 14 14:46:55 cu-cs-vm kernel: [    0.000000] Linux version 4.4.0-93-generic (buildd@lgw01-03) (gcc version 5.4.0 20160609 (Ubuntu 5.4.0-6ubuntu1~16.04.4) ) #116-Ubuntu SMP Fri Aug 11 21:17:51 UTC 2017 (Ubuntu 4.4.0-93.116-generic 4.4.79)
Sep 14 14:46:55 cu-cs-vm kernel: [    0.000000] Command line: BOOT_IMAGE=/@/boot/vmlinuz-4.10.17-ToshOS root=UUID=403636af-0778-4937-b47b-ddd3b47d58cc ro rootflags=subvol=@ crashkernel=384M-:128M
Sep 14 14:46:55 cu-cs-vm kernel: [    0.000000] KERNEL supported cpus:
Sep 14 14:46:55 cu-cs-vm kernel: [    0.000000]   Intel GenuineIntel
Sep 14 14:46:55 cu-cs-vm kernel: [    0.000000]   AMD AuthenticAMD
Sep 14 14:46:55 cu-cs-vm kernel: [    0.000000]   Centaur CentaurHauls
Sep 14 14:46:55 cu-cs-vm kernel: [    0.000000] Disabled fast string operations
Sep 14 14:46:55 cu-cs-vm kernel: [    0.000000] x86/fpu: xstate_offset[2]:  576, xstate_sizes[2]:  256
Sep 14 14:46:55 cu-cs-vm kernel: [    0.000000] x86/fpu: Supporting XSAVE feature 0x01: 'x87 floating point registers'
Sep 14 14:46:55 cu-cs-vm kernel: [    0.000000] x86/fpu: Supporting XSAVE feature 0x02: 'SSE registers'
Sep 14 14:46:55 cu-cs-vm kernel: [    0.000000] x86/fpu: Supporting XSAVE feature 0x04: 'AVX registers'
Sep 14 14:46:55 cu-cs-vm kernel: [    0.000000] x86/fpu: Enabled xstate features 0x7, context size is 832 bytes, using 'standard' format.
Sep 14 14:46:55 cu-cs-vm kernel: [    0.000000] x86/fpu: Using 'eager' FPU context switches.
Sep 14 14:46:55 cu-cs-vm kernel: [    0.000000] e820: BIOS-provided physical RAM map:
Sep 14 14:46:55 cu-cs-vm kernel: [    0.000000] BIOS-e820: [mem 0x0000000000000100-0x000000000009e7ff] usable
Sep 14 14:46:55 cu-cs-vm kernel: [    0.000000] BIOS-e820: [mem 0x000000000009e800-0x000000000009ffff] reserved
Sep 14 14:46:55 cu-cs-vm kernel: [    0.000000] BIOS-e820: [mem 0x00000000000dc000-0x00000000000fffff] reserved
Sep 14 14:46:55 cu-cs-vm kernel: [    0.000000] BIOS-e820: [mem 0x0000000000100000-0x000000007fedffff] usable
Sep 14 14:46:55 cu-cs-vm kernel: [    0.000000] BIOS-e820: [mem 0x000000007fee0000-0x000000007fefefff] ACPI data
Sep 14 14:46:55 cu-cs-vm kernel: [    0.000000] BIOS-e820: [mem 0x000000007feff000-0x000000007fefffff] ACPI NVS
Sep 14 14:46:55 cu-cs-vm kernel: [    0.000000] BIOS-e820: [mem 0x000000007ff00000-0x000000007fffffff] usable
Sep 14 14:46:55 cu-cs-vm kernel: [    0.000000] BIOS-e820: [mem 0x00000000f0000000-0x00000000f7ffffff] reserved
Sep 14 14:46:55 cu-cs-vm kernel: [    0.000000] BIOS-e820: [mem 0x00000000fec00000-0x00000000fec0ffff] reserved
Sep 14 14:46:55 cu-cs-vm kernel: [    0.000000] BIOS-e820: [mem 0x00000000fee00000-0x00000000fee00fff] reserved
Sep 14 14:46:55 cu-cs-vm kernel: [    0.000000] BIOS-e820: [mem 0x00000000fffe0000-0x00000000ffffffff] reserved
Sep 14 14:46:55 cu-cs-vm kernel: [    0.000000] NX (Execute Disable) protection: active
Sep 14 14:46:55 cu-cs-vm kernel: [    0.000000] SMBIOS 2.4 present.
Sep 14 14:46:55 cu-cs-vm kernel: [    0.000000] DMI: VMware, Inc. VMware Virtual Platform/440BX Desktop Reference Platform, BIOS 6.00 07/02/2015
Sep 14 14:46:55 cu-cs-vm kernel: [    0.000000] Hypervisor detected: VMware
Sep 14 14:46:55 cu-cs-vm kernel: [    0.000000] e820: update [mem 0x00000000-0x00000fff] usable ==> reserved
Sep 14 14:46:55 cu-cs-vm kernel: [    0.000000] e820: remove [mem 0x000a0000-0x000fffff] usable
Sep 14 14:46:55 cu-cs-vm kernel: [    0.000000] e820: last_pfn = 0x80000 max_arch_pfn = 0x400000000
Sep 14 14:46:55 cu-cs-vm kernel: [    0.000000] MTRR default type: uncachable
Sep 14 14:46:55 cu-cs-vm kernel: [    0.000000] MTRR fixed ranges enabled:
Sep 14 14:46:55 cu-cs-vm kernel: [    0.000000]   00000-9FFFF write-back
Sep 14 14:46:55 cu-cs-vm kernel: [    0.000000]   A0000-BFFFF uncachable
Sep 14 14:46:55 cu-cs-vm kernel: [    0.000000]   C0000-CBFFF write-protect
Sep 14 14:46:55 cu-cs-vm kernel: [    0.000000]   CC000-EFFFF uncachable
Sep 14 14:46:55 cu-cs-vm kernel: [    0.000000]   F0000-FFFFF write-protect
Sep 14 14:46:55 cu-cs-vm kernel: [    0.000000] MTRR variable ranges enabled:
Sep 14 14:46:55 cu-cs-vm kernel: [    0.000000]   0 base 00000000000 mask 3FF80000000 write-back
Sep 14 14:46:55 cu-cs-vm kernel: [    0.000000]   1 base 00080000000 mask 3FFC0000000 write-back
Sep 14 14:46:55 cu-cs-vm kernel: [    0.000000]   2 base 00100000000 mask 3FF00000000 write-back
Sep 14 14:46:55 cu-cs-vm kernel: [    0.000000]   3 base 00200000000 mask 3FE00000000 write-back
Sep 14 14:46:55 cu-cs-vm kernel: [    0.000000]   4 base 00400000000 mask 3FC00000000 write-back
Sep 14 14:46:55 cu-cs-vm kernel: [    0.000000]   5 base 00800000000 mask 3F800000000 write-back
Sep 14 14:46:55 cu-cs-vm kernel: [    0.000000]   6 disabled
Sep 14 14:46:55 cu-cs-vm kernel: [    0.000000]   7 disabled
Sep 14 14:46:55 cu-cs-vm kernel: [    0.000000] x86/PAT: Configuration [0-7]: WB  WC  UC- UC  WB  WC  UC- WT  
Sep 14 14:46:55 cu-cs-vm kernel: [    0.000000] e820: update [mem 0xc0000000-0xffffffff] usable ==> reserved
Sep 14 14:46:55 cu-cs-vm kernel: [    0.000000] x2apic: enabled by BIOS, switching to x2apic ops
Sep 14 14:46:55 cu-cs-vm kernel: [    0.000000] found SMP MP-table at [mem 0x000f6a80-0x000f6a8f] mapped at [ffff8800000f6a80]
Sep 14 14:46:55 cu-cs-vm kernel: [    0.000000] Scanning 1 areas for low memory corruption
Sep 14 14:46:55 cu-cs-vm kernel: [    0.000000] Base memory trampoline at [ffff880000098000] 98000 size 24576
Sep 14 14:46:55 cu-cs-vm kernel: [    0.000000] Using GB pages for direct mapping
Sep 14 14:46:55 cu-cs-vm kernel: [    0.000000] BRK [0x7f20e000, 0x7f20efff] PGTABLE
Sep 14 14:46:55 cu-cs-vm kernel: [    0.000000] BRK [0x7f20f000, 0x7f20ffff] PGTABLE
Sep 14 14:46:55 cu-cs-vm kernel: [    0.000000] BRK [0x7f210000, 0x7f210fff] PGTABLE
Sep 14 14:46:55 cu-cs-vm kernel: [    0.000000] BRK [0x7f211000, 0x7f211fff] PGTABLE
Sep 14 14:46:55 cu-cs-vm kernel: [    0.000000] BRK [0x7f212000, 0x7f212fff] PGTABLE
Sep 14 14:46:55 cu-cs-vm kernel: [    0.000000] RAMDISK: [mem 0x7bb52000-0x7dffffff]
Sep 14 14:46:55 cu-cs-vm kernel: [    0.000000] ACPI: Early table checksum verification disabled
Sep 14 14:46:55 cu-cs-vm kernel: [    0.000000] ACPI: RSDP 0x00000000000F6A10 000024 (v02 PTLTD )
Sep 14 14:46:55 cu-cs-vm kernel: [    0.000000] ACPI: XSDT 0x000000007FEEA677 000054 (v01 INTEL  440BX    06040000 VMW  01324272)
Sep 14 14:46:55 cu-cs-vm kernel: [    0.000000] ACPI: FACP 0x000000007FEFEE73 0000F4 (v04 INTEL  440BX    06040000 PTL  000F4240)
Sep 14 14:46:55 cu-cs-vm kernel: [    0.000000] ACPI: DSDT 0x000000007FEEBD62 013111 (v01 PTLTD  Custom   06040000 MSFT 03000001)
Sep 14 14:46:55 cu-cs-vm kernel: [    0.000000] ACPI: FACS 0x000000007FEFFFC0 000040
Sep 14 14:46:55 cu-cs-vm kernel: [    0.000000] ACPI: FACS 0x000000007FEFFFC0 000040
Sep 14 14:46:55 cu-cs-vm kernel: [    0.000000] ACPI: BOOT 0x000000007FEEBD3A 000028 (v01 PTLTD  $SBFTBL$ 06040000  LTP 00000001)
Sep 14 14:46:55 cu-cs-vm kernel: [    0.000000] ACPI: APIC 0x000000007FEEB5F8 000742 (v01 PTLTD  ? APIC   06040000  LTP 00000000)
Sep 14 14:46:55 cu-cs-vm kernel: [    0.000000] ACPI: MCFG 0x000000007FEEB5BC 00003C (v01 PTLTD  $PCITBL$ 06040000  LTP 00000001)
Sep 14 14:46:55 cu-cs-vm kernel: [    0.000000] ACPI: SRAT 0x000000007FEEA72F 0008D0 (v02 VMWARE MEMPLUG  06040000 VMW  00000001)
Sep 14 14:46:55 cu-cs-vm kernel: [    0.000000] ACPI: WAET 0x000000007FEEA707 000028 (v01 VMWARE VMW WAET 06040000 VMW  00000001)
Sep 14 14:46:55 cu-cs-vm kernel: [    0.000000] ACPI: Local APIC address 0xfee00000
Sep 14 14:46:55 cu-cs-vm kernel: [    0.000000] System requires x2apic physical mode
Sep 14 14:46:55 cu-cs-vm kernel: [    0.000000] Setting APIC routing to physical x2apic.
Sep 14 14:46:55 cu-cs-vm kernel: [    0.000000] SRAT: PXM 0 -> APIC 0x00 -> Node 0
Sep 14 14:46:55 cu-cs-vm kernel: [    0.000000] SRAT: PXM 0 -> APIC 0x02 -> Node 0
Sep 14 14:46:55 cu-cs-vm kernel: [    0.000000] SRAT: PXM 0 -> APIC 0x04 -> Node 0
Sep 14 14:46:55 cu-cs-vm kernel: [    0.000000] SRAT: PXM 0 -> APIC 0x06 -> Node 0
Sep 14 14:46:55 cu-cs-vm kernel: [    0.000000] SRAT: PXM 0 -> APIC 0x08 -> Node 0
Sep 14 14:46:55 cu-cs-vm kernel: [    0.000000] SRAT: PXM 0 -> APIC 0x0a -> Node 0
Sep 14 14:46:55 cu-cs-vm kernel: [    0.000000] SRAT: PXM 0 -> APIC 0x0c -> Node 0
Sep 14 14:46:55 cu-cs-vm kernel: [    0.000000] SRAT: PXM 0 -> APIC 0x0e -> Node 0
Sep 14 14:46:55 cu-cs-vm kernel: [    0.000000] SRAT: PXM 0 -> APIC 0x10 -> Node 0
Sep 14 14:46:55 cu-cs-vm kernel: [    0.000000] SRAT: PXM 0 -> APIC 0x12 -> Node 0
Sep 14 14:46:55 cu-cs-vm kernel: [    0.000000] SRAT: PXM 0 -> APIC 0x14 -> Node 0
Sep 14 14:46:55 cu-cs-vm kernel: [    0.000000] SRAT: PXM 0 -> APIC 0x16 -> Node 0
Sep 14 14:46:55 cu-cs-vm kernel: [    0.000000] SRAT: PXM 0 -> APIC 0x18 -> Node 0
Sep 14 14:46:55 cu-cs-vm kernel: [    0.000000] SRAT: PXM 0 -> APIC 0x1a -> Node 0
Sep 14 14:46:55 cu-cs-vm kernel: [    0.000000] SRAT: PXM 0 -> APIC 0x1c -> Node 0
Sep 14 14:46:55 cu-cs-vm kernel: [    0.000000] SRAT: PXM 0 -> APIC 0x1e -> Node 0
Sep 14 14:46:55 cu-cs-vm kernel: [    0.000000] SRAT: PXM 0 -> APIC 0x20 -> Node 0
Sep 14 14:46:55 cu-cs-vm kernel: [    0.000000] SRAT: PXM 0 -> APIC 0x22 -> Node 0
Sep 14 14:46:55 cu-cs-vm kernel: [    0.000000] SRAT: PXM 0 -> APIC 0x24 -> Node 0
Sep 14 14:46:55 cu-cs-vm kernel: [    0.000000] SRAT: PXM 0 -> APIC 0x26 -> Node 0
Sep 14 14:46:55 cu-cs-vm kernel: [    0.000000] SRAT: PXM 0 -> APIC 0x28 -> Node 0
Sep 14 14:46:55 cu-cs-vm kernel: [    0.000000] SRAT: PXM 0 -> APIC 0x2a -> Node 0
Sep 14 14:46:55 cu-cs-vm kernel: [    0.000000] SRAT: PXM 0 -> APIC 0x2c -> Node 0
Sep 14 14:46:55 cu-cs-vm kernel: [    0.000000] SRAT: PXM 0 -> APIC 0x2e -> Node 0
Sep 14 14:46:55 cu-cs-vm kernel: [    0.000000] SRAT: PXM 0 -> APIC 0x30 -> Node 0
Sep 14 14:46:55 cu-cs-vm kernel: [    0.000000] SRAT: PXM 0 -> APIC 0x32 -> Node 0
Sep 14 14:46:55 cu-cs-vm kernel: [    0.000000] SRAT: PXM 0 -> APIC 0x34 -> Node 0
Sep 14 14:46:55 cu-cs-vm kernel: [    0.000000] SRAT: PXM 0 -> APIC 0x36 -> Node 0
Sep 14 14:46:55 cu-cs-vm kernel: [    0.000000] SRAT: PXM 0 -> APIC 0x38 -> Node 0
Sep 14 14:46:55 cu-cs-vm kernel: [    0.000000] SRAT: PXM 0 -> APIC 0x3a -> Node 0
Sep 14 14:46:55 cu-cs-vm kernel: [    0.000000] SRAT: PXM 0 -> APIC 0x3c -> Node 0
Sep 14 14:46:55 cu-cs-vm kernel: [    0.000000] SRAT: PXM 0 -> APIC 0x3e -> Node 0
Sep 14 14:46:55 cu-cs-vm kernel: [    0.000000] SRAT: PXM 0 -> APIC 0x40 -> Node 0
Sep 14 14:46:55 cu-cs-vm kernel: [    0.000000] SRAT: PXM 0 -> APIC 0x42 -> Node 0
Sep 14 14:46:55 cu-cs-vm kernel: [    0.000000] SRAT: PXM 0 -> APIC 0x44 -> Node 0
Sep 14 14:46:55 cu-cs-vm kernel: [    0.000000] SRAT: PXM 0 -> APIC 0x46 -> Node 0
Sep 14 14:46:55 cu-cs-vm kernel: [    0.000000] SRAT: PXM 0 -> APIC 0x48 -> Node 0
Sep 14 14:46:55 cu-cs-vm kernel: [    0.000000] SRAT: PXM 0 -> APIC 0x4a -> Node 0
Sep 14 14:46:55 cu-cs-vm kernel: [    0.000000] SRAT: PXM 0 -> APIC 0x4c -> Node 0
Sep 14 14:46:55 cu-cs-vm kernel: [    0.000000] SRAT: PXM 0 -> APIC 0x4e -> Node 0
Sep 14 14:46:55 cu-cs-vm kernel: [    0.000000] SRAT: PXM 0 -> APIC 0x50 -> Node 0
Sep 14 14:46:55 cu-cs-vm kernel: [    0.000000] SRAT: PXM 0 -> APIC 0x52 -> Node 0
Sep 14 14:46:55 cu-cs-vm kernel: [    0.000000] SRAT: PXM 0 -> APIC 0x54 -> Node 0
Sep 14 14:46:55 cu-cs-vm kernel: [    0.000000] SRAT: PXM 0 -> APIC 0x56 -> Node 0
Sep 14 14:46:55 cu-cs-vm kernel: [    0.000000] SRAT: PXM 0 -> APIC 0x58 -> Node 0
Sep 14 14:46:55 cu-cs-vm kernel: [    0.000000] SRAT: PXM 0 -> APIC 0x5a -> Node 0
Sep 14 14:46:55 cu-cs-vm kernel: [    0.000000] SRAT: PXM 0 -> APIC 0x5c -> Node 0
Sep 14 14:46:55 cu-cs-vm kernel: [    0.000000] SRAT: PXM 0 -> APIC 0x5e -> Node 0
Sep 14 14:46:55 cu-cs-vm kernel: [    0.000000] SRAT: PXM 0 -> APIC 0x60 -> Node 0
Sep 14 14:46:55 cu-cs-vm kernel: [    0.000000] SRAT: PXM 0 -> APIC 0x62 -> Node 0
Sep 14 14:46:55 cu-cs-vm kernel: [    0.000000] SRAT: PXM 0 -> APIC 0x64 -> Node 0
Sep 14 14:46:55 cu-cs-vm kernel: [    0.000000] SRAT: PXM 0 -> APIC 0x66 -> Node 0
Sep 14 14:46:55 cu-cs-vm kernel: [    0.000000] SRAT: PXM 0 -> APIC 0x68 -> Node 0
Sep 14 14:46:55 cu-cs-vm kernel: [    0.000000] SRAT: PXM 0 -> APIC 0x6a -> Node 0
Sep 14 14:46:55 cu-cs-vm kernel: [    0.000000] SRAT: PXM 0 -> APIC 0x6c -> Node 0
Sep 14 14:46:55 cu-cs-vm kernel: [    0.000000] SRAT: PXM 0 -> APIC 0x6e -> Node 0
Sep 14 14:46:55 cu-cs-vm kernel: [    0.000000] SRAT: PXM 0 -> APIC 0x70 -> Node 0
Sep 14 14:46:55 cu-cs-vm kernel: [    0.000000] SRAT: PXM 0 -> APIC 0x72 -> Node 0
Sep 14 14:46:55 cu-cs-vm kernel: [    0.000000] SRAT: PXM 0 -> APIC 0x74 -> Node 0
Sep 14 14:46:55 cu-cs-vm kernel: [    0.000000] SRAT: PXM 0 -> APIC 0x76 -> Node 0
Sep 14 14:46:55 cu-cs-vm kernel: [    0.000000] SRAT: PXM 0 -> APIC 0x78 -> Node 0
Sep 14 14:46:55 cu-cs-vm kernel: [    0.000000] SRAT: PXM 0 -> APIC 0x7a -> Node 0
Sep 14 14:46:55 cu-cs-vm kernel: [    0.000000] SRAT: PXM 0 -> APIC 0x7c -> Node 0
Sep 14 14:46:55 cu-cs-vm kernel: [    0.000000] SRAT: PXM 0 -> APIC 0x7e -> Node 0
Sep 14 14:46:55 cu-cs-vm kernel: [    0.000000] SRAT: PXM 0 -> APIC 0x80 -> Node 0
Sep 14 14:46:55 cu-cs-vm kernel: [    0.000000] SRAT: PXM 0 -> APIC 0x82 -> Node 0
Sep 14 14:46:55 cu-cs-vm kernel: [    0.000000] SRAT: PXM 0 -> APIC 0x84 -> Node 0
Sep 14 14:46:55 cu-cs-vm kernel: [    0.000000] SRAT: PXM 0 -> APIC 0x86 -> Node 0
Sep 14 14:46:55 cu-cs-vm kernel: [    0.000000] SRAT: PXM 0 -> APIC 0x88 -> Node 0
Sep 14 14:46:55 cu-cs-vm kernel: [    0.000000] SRAT: PXM 0 -> APIC 0x8a -> Node 0
Sep 14 14:46:55 cu-cs-vm kernel: [    0.000000] SRAT: PXM 0 -> APIC 0x8c -> Node 0
Sep 14 14:46:55 cu-cs-vm kernel: [    0.000000] SRAT: PXM 0 -> APIC 0x8e -> Node 0
Sep 14 14:46:55 cu-cs-vm kernel: [    0.000000] SRAT: PXM 0 -> APIC 0x90 -> Node 0
Sep 14 14:46:55 cu-cs-vm kernel: [    0.000000] SRAT: PXM 0 -> APIC 0x92 -> Node 0
Sep 14 14:46:55 cu-cs-vm kernel: [    0.000000] SRAT: PXM 0 -> APIC 0x94 -> Node 0
Sep 14 14:46:55 cu-cs-vm kernel: [    0.000000] SRAT: PXM 0 -> APIC 0x96 -> Node 0
Sep 14 14:46:55 cu-cs-vm kernel: [    0.000000] SRAT: PXM 0 -> APIC 0x98 -> Node 0
Sep 14 14:46:55 cu-cs-vm kernel: [    0.000000] SRAT: PXM 0 -> APIC 0x9a -> Node 0
Sep 14 14:46:55 cu-cs-vm kernel: [    0.000000] SRAT: PXM 0 -> APIC 0x9c -> Node 0
Sep 14 14:46:55 cu-cs-vm kernel: [    0.000000] SRAT: PXM 0 -> APIC 0x9e -> Node 0
Sep 14 14:46:55 cu-cs-vm kernel: [    0.000000] SRAT: PXM 0 -> APIC 0xa0 -> Node 0
Sep 14 14:46:55 cu-cs-vm kernel: [    0.000000] SRAT: PXM 0 -> APIC 0xa2 -> Node 0
Sep 14 14:46:55 cu-cs-vm kernel: [    0.000000] SRAT: PXM 0 -> APIC 0xa4 -> Node 0
Sep 14 14:46:55 cu-cs-vm kernel: [    0.000000] SRAT: PXM 0 -> APIC 0xa6 -> Node 0
Sep 14 14:46:55 cu-cs-vm kernel: [    0.000000] SRAT: PXM 0 -> APIC 0xa8 -> Node 0
Sep 14 14:46:55 cu-cs-vm kernel: [    0.000000] SRAT: PXM 0 -> APIC 0xaa -> Node 0
Sep 14 14:46:55 cu-cs-vm kernel: [    0.000000] SRAT: PXM 0 -> APIC 0xac -> Node 0
Sep 14 14:46:55 cu-cs-vm kernel: [    0.000000] SRAT: PXM 0 -> APIC 0xae -> Node 0
Sep 14 14:46:55 cu-cs-vm kernel: [    0.000000] SRAT: PXM 0 -> APIC 0xb0 -> Node 0
Sep 14 14:46:55 cu-cs-vm kernel: [    0.000000] SRAT: PXM 0 -> APIC 0xb2 -> Node 0
Sep 14 14:46:55 cu-cs-vm kernel: [    0.000000] SRAT: PXM 0 -> APIC 0xb4 -> Node 0
Sep 14 14:46:55 cu-cs-vm kernel: [    0.000000] SRAT: PXM 0 -> APIC 0xb6 -> Node 0
Sep 14 14:46:55 cu-cs-vm kernel: [    0.000000] SRAT: PXM 0 -> APIC 0xb8 -> Node 0
Sep 14 14:46:55 cu-cs-vm kernel: [    0.000000] SRAT: PXM 0 -> APIC 0xba -> Node 0
Sep 14 14:46:55 cu-cs-vm kernel: [    0.000000] SRAT: PXM 0 -> APIC 0xbc -> Node 0
Sep 14 14:46:55 cu-cs-vm kernel: [    0.000000] SRAT: PXM 0 -> APIC 0xbe -> Node 0
Sep 14 14:46:55 cu-cs-vm kernel: [    0.000000] SRAT: PXM 0 -> APIC 0xc0 -> Node 0
Sep 14 14:46:55 cu-cs-vm kernel: [    0.000000] SRAT: PXM 0 -> APIC 0xc2 -> Node 0
Sep 14 14:46:55 cu-cs-vm kernel: [    0.000000] SRAT: PXM 0 -> APIC 0xc4 -> Node 0
Sep 14 14:46:55 cu-cs-vm kernel: [    0.000000] SRAT: PXM 0 -> APIC 0xc6 -> Node 0
Sep 14 14:46:55 cu-cs-vm kernel: [    0.000000] SRAT: PXM 0 -> APIC 0xc8 -> Node 0
Sep 14 14:46:55 cu-cs-vm kernel: [    0.000000] SRAT: PXM 0 -> APIC 0xca -> Node 0
Sep 14 14:46:55 cu-cs-vm kernel: [    0.000000] SRAT: PXM 0 -> APIC 0xcc -> Node 0
Sep 14 14:46:55 cu-cs-vm kernel: [    0.000000] SRAT: PXM 0 -> APIC 0xce -> Node 0
Sep 14 14:46:55 cu-cs-vm kernel: [    0.000000] SRAT: PXM 0 -> APIC 0xd0 -> Node 0
Sep 14 14:46:55 cu-cs-vm kernel: [    0.000000] SRAT: PXM 0 -> APIC 0xd2 -> Node 0
Sep 14 14:46:55 cu-cs-vm kernel: [    0.000000] SRAT: PXM 0 -> APIC 0xd4 -> Node 0
Sep 14 14:46:55 cu-cs-vm kernel: [    0.000000] SRAT: PXM 0 -> APIC 0xd6 -> Node 0
Sep 14 14:46:55 cu-cs-vm kernel: [    0.000000] SRAT: PXM 0 -> APIC 0xd8 -> Node 0
Sep 14 14:46:55 cu-cs-vm kernel: [    0.000000] SRAT: PXM 0 -> APIC 0xda -> Node 0
Sep 14 14:46:55 cu-cs-vm kernel: [    0.000000] SRAT: PXM 0 -> APIC 0xdc -> Node 0
Sep 14 14:46:55 cu-cs-vm kernel: [    0.000000] SRAT: PXM 0 -> APIC 0xde -> Node 0
Sep 14 14:46:55 cu-cs-vm kernel: [    0.000000] SRAT: PXM 0 -> APIC 0xe0 -> Node 0
Sep 14 14:46:55 cu-cs-vm kernel: [    0.000000] SRAT: PXM 0 -> APIC 0xe2 -> Node 0
Sep 14 14:46:55 cu-cs-vm kernel: [    0.000000] SRAT: PXM 0 -> APIC 0xe4 -> Node 0
Sep 14 14:46:55 cu-cs-vm kernel: [    0.000000] SRAT: PXM 0 -> APIC 0xe6 -> Node 0
Sep 14 14:46:55 cu-cs-vm kernel: [    0.000000] SRAT: PXM 0 -> APIC 0xe8 -> Node 0
Sep 14 14:46:55 cu-cs-vm kernel: [    0.000000] SRAT: PXM 0 -> APIC 0xea -> Node 0
Sep 14 14:46:55 cu-cs-vm kernel: [    0.000000] SRAT: PXM 0 -> APIC 0xec -> Node 0
Sep 14 14:46:55 cu-cs-vm kernel: [    0.000000] SRAT: PXM 0 -> APIC 0xee -> Node 0
Sep 14 14:46:55 cu-cs-vm kernel: [    0.000000] SRAT: PXM 0 -> APIC 0xf0 -> Node 0
Sep 14 14:46:55 cu-cs-vm kernel: [    0.000000] SRAT: PXM 0 -> APIC 0xf2 -> Node 0
Sep 14 14:46:55 cu-cs-vm kernel: [    0.000000] SRAT: PXM 0 -> APIC 0xf4 -> Node 0
Sep 14 14:46:55 cu-cs-vm kernel: [    0.000000] SRAT: PXM 0 -> APIC 0xf6 -> Node 0
Sep 14 14:46:55 cu-cs-vm kernel: [    0.000000] SRAT: PXM 0 -> APIC 0xf8 -> Node 0
Sep 14 14:46:55 cu-cs-vm kernel: [    0.000000] SRAT: PXM 0 -> APIC 0xfa -> Node 0
Sep 14 14:46:55 cu-cs-vm kernel: [    0.000000] SRAT: PXM 0 -> APIC 0xfc -> Node 0
Sep 14 14:46:55 cu-cs-vm kernel: [    0.000000] SRAT: PXM 0 -> APIC 0xfe -> Node 0
Sep 14 14:46:55 cu-cs-vm kernel: [    0.000000] SRAT: Node 0 PXM 0 [mem 0x00000000-0x0009ffff]
Sep 14 14:46:55 cu-cs-vm kernel: [    0.000000] SRAT: Node 0 PXM 0 [mem 0x00100000-0x7fffffff]
Sep 14 14:46:55 cu-cs-vm kernel: [    0.000000] SRAT: Node 0 PXM 0 [mem 0x80000000-0xbfffffff] hotplug
Sep 14 14:46:55 cu-cs-vm kernel: [    0.000000] SRAT: Node 0 PXM 0 [mem 0x100000000-0x83fffffff] hotplug
Sep 14 14:46:55 cu-cs-vm kernel: [    0.000000] NUMA: Node 0 [mem 0x00000000-0x0009ffff] + [mem 0x00100000-0x7fffffff] -> [mem 0x00000000-0x7fffffff]
Sep 14 14:46:55 cu-cs-vm kernel: [    0.000000] NODE_DATA(0) allocated [mem 0x7fffb000-0x7fffffff]
Sep 14 14:46:55 cu-cs-vm kernel: [    0.000000] Reserving 128MB of memory at 768MB for crashkernel (System RAM: 2047MB)
Sep 14 14:46:55 cu-cs-vm kernel: [    0.000000] Zone ranges:
Sep 14 14:46:55 cu-cs-vm kernel: [    0.000000]   DMA      [mem 0x0000000000001000-0x0000000000ffffff]
Sep 14 14:46:55 cu-cs-vm kernel: [    0.000000]   DMA32    [mem 0x0000000001000000-0x000000007fffffff]
Sep 14 14:46:55 cu-cs-vm kernel: [    0.000000]   Normal   empty
Sep 14 14:46:55 cu-cs-vm kernel: [    0.000000]   Device   empty
Sep 14 14:46:55 cu-cs-vm kernel: [    0.000000] Movable zone start for each node
Sep 14 14:46:55 cu-cs-vm kernel: [    0.000000] Early memory node ranges
Sep 14 14:46:55 cu-cs-vm kernel: [    0.000000]   node   0: [mem 0x0000000000001000-0x000000000009dfff]
Sep 14 14:46:55 cu-cs-vm kernel: [    0.000000]   node   0: [mem 0x0000000000100000-0x000000007fedffff]
Sep 14 14:46:55 cu-cs-vm kernel: [    0.000000]   node   0: [mem 0x000000007ff00000-0x000000007fffffff]
Sep 14 14:46:55 cu-cs-vm kernel: [    0.000000] Initmem setup node 0 [mem 0x0000000000001000-0x000000007fffffff]
Sep 14 14:46:55 cu-cs-vm kernel: [    0.000000] On node 0 totalpages: 524157
Sep 14 14:46:55 cu-cs-vm kernel: [    0.000000]   DMA zone: 64 pages used for memmap
Sep 14 14:46:55 cu-cs-vm kernel: [    0.000000]   DMA zone: 21 pages reserved
Sep 14 14:46:55 cu-cs-vm kernel: [    0.000000]   DMA zone: 3997 pages, LIFO batch:0
Sep 14 14:46:55 cu-cs-vm kernel: [    0.000000]   DMA32 zone: 8128 pages used for memmap
Sep 14 14:46:55 cu-cs-vm kernel: [    0.000000]   DMA32 zone: 520160 pages, LIFO batch:31
Sep 14 14:46:55 cu-cs-vm kernel: [    0.000000] ACPI: PM-Timer IO Port: 0x1008
Sep 14 14:46:55 cu-cs-vm kernel: [    0.000000] ACPI: Local APIC address 0xfee00000
Sep 14 14:46:55 cu-cs-vm kernel: [    0.000000] System requires x2apic physical mode
Sep 14 14:46:55 cu-cs-vm kernel: [    0.000000] ACPI: LAPIC_NMI (acpi_id[0x00] high edge lint[0x1])
Sep 14 14:46:55 cu-cs-vm kernel: [    0.000000] ACPI: LAPIC_NMI (acpi_id[0x01] high edge lint[0x1])
Sep 14 14:46:55 cu-cs-vm kernel: [    0.000000] ACPI: LAPIC_NMI (acpi_id[0x02] high edge lint[0x1])
Sep 14 14:46:55 cu-cs-vm kernel: [    0.000000] ACPI: LAPIC_NMI (acpi_id[0x03] high edge lint[0x1])
Sep 14 14:46:55 cu-cs-vm kernel: [    0.000000] ACPI: LAPIC_NMI (acpi_id[0x04] high edge lint[0x1])
Sep 14 14:46:55 cu-cs-vm kernel: [    0.000000] ACPI: LAPIC_NMI (acpi_id[0x05] high edge lint[0x1])
Sep 14 14:46:55 cu-cs-vm kernel: [    0.000000] ACPI: LAPIC_NMI (acpi_id[0x06] high edge lint[0x1])
Sep 14 14:46:55 cu-cs-vm kernel: [    0.000000] ACPI: LAPIC_NMI (acpi_id[0x07] high edge lint[0x1])
Sep 14 14:46:55 cu-cs-vm kernel: [    0.000000] ACPI: LAPIC_NMI (acpi_id[0x08] high edge lint[0x1])
Sep 14 14:46:55 cu-cs-vm kernel: [    0.000000] ACPI: LAPIC_NMI (acpi_id[0x09] high edge lint[0x1])
Sep 14 14:46:55 cu-cs-vm kernel: [    0.000000] ACPI: LAPIC_NMI (acpi_id[0x0a] high edge lint[0x1])
Sep 14 14:46:55 cu-cs-vm kernel: [    0.000000] ACPI: LAPIC_NMI (acpi_id[0x0b] high edge lint[0x1])
Sep 14 14:46:55 cu-cs-vm kernel: [    0.000000] ACPI: LAPIC_NMI (acpi_id[0x0c] high edge lint[0x1])
Sep 14 14:46:55 cu-cs-vm kernel: [    0.000000] ACPI: LAPIC_NMI (acpi_id[0x0d] high edge lint[0x1])
Sep 14 14:46:55 cu-cs-vm kernel: [    0.000000] ACPI: LAPIC_NMI (acpi_id[0x0e] high edge lint[0x1])
Sep 14 14:46:55 cu-cs-vm kernel: [    0.000000] ACPI: LAPIC_NMI (acpi_id[0x0f] high edge lint[0x1])
Sep 14 14:46:55 cu-cs-vm kernel: [    0.000000] ACPI: LAPIC_NMI (acpi_id[0x10] high edge lint[0x1])
Sep 14 14:46:55 cu-cs-vm kernel: [    0.000000] ACPI: LAPIC_NMI (acpi_id[0x11] high edge lint[0x1])
Sep 14 14:46:55 cu-cs-vm kernel: [    0.000000] ACPI: LAPIC_NMI (acpi_id[0x12] high edge lint[0x1])
Sep 14 14:46:55 cu-cs-vm kernel: [    0.000000] ACPI: LAPIC_NMI (acpi_id[0x13] high edge lint[0x1])
Sep 14 14:46:55 cu-cs-vm kernel: [    0.000000] ACPI: LAPIC_NMI (acpi_id[0x14] high edge lint[0x1])
Sep 14 14:46:55 cu-cs-vm kernel: [    0.000000] ACPI: LAPIC_NMI (acpi_id[0x15] high edge lint[0x1])
Sep 14 14:46:55 cu-cs-vm kernel: [    0.000000] ACPI: LAPIC_NMI (acpi_id[0x16] high edge lint[0x1])
Sep 14 14:46:55 cu-cs-vm kernel: [    0.000000] ACPI: LAPIC_NMI (acpi_id[0x17] high edge lint[0x1])
Sep 14 14:46:55 cu-cs-vm kernel: [    0.000000] ACPI: LAPIC_NMI (acpi_id[0x18] high edge lint[0x1])
Sep 14 14:46:55 cu-cs-vm kernel: [    0.000000] ACPI: LAPIC_NMI (acpi_id[0x19] high edge lint[0x1])
Sep 14 14:46:55 cu-cs-vm kernel: [    0.000000] ACPI: LAPIC_NMI (acpi_id[0x1a] high edge lint[0x1])
Sep 14 14:46:55 cu-cs-vm kernel: [    0.000000] ACPI: LAPIC_NMI (acpi_id[0x1b] high edge lint[0x1])
Sep 14 14:46:55 cu-cs-vm kernel: [    0.000000] ACPI: LAPIC_NMI (acpi_id[0x1c] high edge lint[0x1])
Sep 14 14:46:55 cu-cs-vm kernel: [    0.000000] ACPI: LAPIC_NMI (acpi_id[0x1d] high edge lint[0x1])
Sep 14 14:46:55 cu-cs-vm kernel: [    0.000000] ACPI: LAPIC_NMI (acpi_id[0x1e] high edge lint[0x1])
Sep 14 14:46:55 cu-cs-vm kernel: [    0.000000] ACPI: LAPIC_NMI (acpi_id[0x1f] high edge lint[0x1])
Sep 14 14:46:55 cu-cs-vm kernel: [    0.000000] ACPI: LAPIC_NMI (acpi_id[0x20] high edge lint[0x1])
Sep 14 14:46:55 cu-cs-vm kernel: [    0.000000] ACPI: LAPIC_NMI (acpi_id[0x21] high edge lint[0x1])
Sep 14 14:46:55 cu-cs-vm kernel: [    0.000000] ACPI: LAPIC_NMI (acpi_id[0x22] high edge lint[0x1])
Sep 14 14:46:55 cu-cs-vm kernel: [    0.000000] ACPI: LAPIC_NMI (acpi_id[0x23] high edge lint[0x1])
Sep 14 14:46:55 cu-cs-vm kernel: [    0.000000] ACPI: LAPIC_NMI (acpi_id[0x24] high edge lint[0x1])
Sep 14 14:46:55 cu-cs-vm kernel: [    0.000000] ACPI: LAPIC_NMI (acpi_id[0x25] high edge lint[0x1])
Sep 14 14:46:55 cu-cs-vm kernel: [    0.000000] ACPI: LAPIC_NMI (acpi_id[0x26] high edge lint[0x1])
Sep 14 14:46:55 cu-cs-vm kernel: [    0.000000] ACPI: LAPIC_NMI (acpi_id[0x27] high edge lint[0x1])
Sep 14 14:46:55 cu-cs-vm kernel: [    0.000000] ACPI: LAPIC_NMI (acpi_id[0x28] high edge lint[0x1])
Sep 14 14:46:55 cu-cs-vm kernel: [    0.000000] ACPI: LAPIC_NMI (acpi_id[0x29] high edge lint[0x1])
Sep 14 14:46:55 cu-cs-vm kernel: [    0.000000] ACPI: LAPIC_NMI (acpi_id[0x2a] high edge lint[0x1])
Sep 14 14:46:55 cu-cs-vm kernel: [    0.000000] ACPI: LAPIC_NMI (acpi_id[0x2b] high edge lint[0x1])
Sep 14 14:46:55 cu-cs-vm kernel: [    0.000000] ACPI: LAPIC_NMI (acpi_id[0x2c] high edge lint[0x1])
Sep 14 14:46:55 cu-cs-vm kernel: [    0.000000] ACPI: LAPIC_NMI (acpi_id[0x2d] high edge lint[0x1])
Sep 14 14:46:55 cu-cs-vm kernel: [    0.000000] ACPI: LAPIC_NMI (acpi_id[0x2e] high edge lint[0x1])
Sep 14 14:46:55 cu-cs-vm kernel: [    0.000000] ACPI: LAPIC_NMI (acpi_id[0x2f] high edge lint[0x1])
Sep 14 14:46:55 cu-cs-vm kernel: [    0.000000] ACPI: LAPIC_NMI (acpi_id[0x30] high edge lint[0x1])
Sep 14 14:46:55 cu-cs-vm kernel: [    0.000000] ACPI: LAPIC_NMI (acpi_id[0x31] high edge lint[0x1])
Sep 14 14:46:55 cu-cs-vm kernel: [    0.000000] ACPI: LAPIC_NMI (acpi_id[0x32] high edge lint[0x1])
Sep 14 14:46:55 cu-cs-vm kernel: [    0.000000] ACPI: LAPIC_NMI (acpi_id[0x33] high edge lint[0x1])
Sep 14 14:46:55 cu-cs-vm kernel: [    0.000000] ACPI: LAPIC_NMI (acpi_id[0x34] high edge lint[0x1])
Sep 14 14:46:55 cu-cs-vm kernel: [    0.000000] ACPI: LAPIC_NMI (acpi_id[0x35] high edge lint[0x1])
Sep 14 14:46:55 cu-cs-vm kernel: [    0.000000] ACPI: LAPIC_NMI (acpi_id[0x36] high edge lint[0x1])
Sep 14 14:46:55 cu-cs-vm kernel: [    0.000000] ACPI: LAPIC_NMI (acpi_id[0x37] high edge lint[0x1])
Sep 14 14:46:55 cu-cs-vm kernel: [    0.000000] ACPI: LAPIC_NMI (acpi_id[0x38] high edge lint[0x1])
Sep 14 14:46:55 cu-cs-vm kernel: [    0.000000] ACPI: LAPIC_NMI (acpi_id[0x39] high edge lint[0x1])
Sep 14 14:46:55 cu-cs-vm kernel: [    0.000000] ACPI: LAPIC_NMI (acpi_id[0x3a] high edge lint[0x1])
Sep 14 14:46:55 cu-cs-vm kernel: [    0.000000] ACPI: LAPIC_NMI (acpi_id[0x3b] high edge lint[0x1])
Sep 14 14:46:55 cu-cs-vm kernel: [    0.000000] ACPI: LAPIC_NMI (acpi_id[0x3c] high edge lint[0x1])
Sep 14 14:46:55 cu-cs-vm kernel: [    0.000000] ACPI: LAPIC_NMI (acpi_id[0x3d] high edge lint[0x1])
Sep 14 14:46:55 cu-cs-vm kernel: [    0.000000] ACPI: LAPIC_NMI (acpi_id[0x3e] high edge lint[0x1])
Sep 14 14:46:55 cu-cs-vm kernel: [    0.000000] ACPI: LAPIC_NMI (acpi_id[0x3f] high edge lint[0x1])
Sep 14 14:46:55 cu-cs-vm kernel: [    0.000000] ACPI: LAPIC_NMI (acpi_id[0x40] high edge lint[0x1])
Sep 14 14:46:55 cu-cs-vm kernel: [    0.000000] ACPI: LAPIC_NMI (acpi_id[0x41] high edge lint[0x1])
Sep 14 14:46:55 cu-cs-vm kernel: [    0.000000] ACPI: LAPIC_NMI (acpi_id[0x42] high edge lint[0x1])
Sep 14 14:46:55 cu-cs-vm kernel: [    0.000000] ACPI: LAPIC_NMI (acpi_id[0x43] high edge lint[0x1])
Sep 14 14:46:55 cu-cs-vm kernel: [    0.000000] ACPI: LAPIC_NMI (acpi_id[0x44] high edge lint[0x1])
Sep 14 14:46:55 cu-cs-vm kernel: [    0.000000] ACPI: LAPIC_NMI (acpi_id[0x45] high edge lint[0x1])
Sep 14 14:46:55 cu-cs-vm kernel: [    0.000000] ACPI: LAPIC_NMI (acpi_id[0x46] high edge lint[0x1])
Sep 14 14:46:55 cu-cs-vm kernel: [    0.000000] ACPI: LAPIC_NMI (acpi_id[0x47] high edge lint[0x1])
Sep 14 14:46:55 cu-cs-vm kernel: [    0.000000] ACPI: LAPIC_NMI (acpi_id[0x48] high edge lint[0x1])
Sep 14 14:46:55 cu-cs-vm kernel: [    0.000000] ACPI: LAPIC_NMI (acpi_id[0x49] high edge lint[0x1])
Sep 14 14:46:55 cu-cs-vm kernel: [    0.000000] ACPI: LAPIC_NMI (acpi_id[0x4a] high edge lint[0x1])
Sep 14 14:46:55 cu-cs-vm kernel: [    0.000000] ACPI: LAPIC_NMI (acpi_id[0x4b] high edge lint[0x1])
Sep 14 14:46:55 cu-cs-vm kernel: [    0.000000] ACPI: LAPIC_NMI (acpi_id[0x4c] high edge lint[0x1])
Sep 14 14:46:55 cu-cs-vm kernel: [    0.000000] ACPI: LAPIC_NMI (acpi_id[0x4d] high edge lint[0x1])
Sep 14 14:46:55 cu-cs-vm kernel: [    0.000000] ACPI: LAPIC_NMI (acpi_id[0x4e] high edge lint[0x1])
Sep 14 14:46:55 cu-cs-vm kernel: [    0.000000] ACPI: LAPIC_NMI (acpi_id[0x4f] high edge lint[0x1])
Sep 14 14:46:55 cu-cs-vm kernel: [    0.000000] ACPI: LAPIC_NMI (acpi_id[0x50] high edge lint[0x1])
Sep 14 14:46:55 cu-cs-vm kernel: [    0.000000] ACPI: LAPIC_NMI (acpi_id[0x51] high edge lint[0x1])
Sep 14 14:46:55 cu-cs-vm kernel: [    0.000000] ACPI: LAPIC_NMI (acpi_id[0x52] high edge lint[0x1])
Sep 14 14:46:55 cu-cs-vm kernel: [    0.000000] ACPI: LAPIC_NMI (acpi_id[0x53] high edge lint[0x1])
Sep 14 14:46:55 cu-cs-vm kernel: [    0.000000] ACPI: LAPIC_NMI (acpi_id[0x54] high edge lint[0x1])
Sep 14 14:46:55 cu-cs-vm kernel: [    0.000000] ACPI: LAPIC_NMI (acpi_id[0x55] high edge lint[0x1])
Sep 14 14:46:55 cu-cs-vm kernel: [    0.000000] ACPI: LAPIC_NMI (acpi_id[0x56] high edge lint[0x1])
Sep 14 14:46:55 cu-cs-vm kernel: [    0.000000] ACPI: LAPIC_NMI (acpi_id[0x57] high edge lint[0x1])
Sep 14 14:46:55 cu-cs-vm kernel: [    0.000000] ACPI: LAPIC_NMI (acpi_id[0x58] high edge lint[0x1])
Sep 14 14:46:55 cu-cs-vm kernel: [    0.000000] ACPI: LAPIC_NMI (acpi_id[0x59] high edge lint[0x1])
Sep 14 14:46:55 cu-cs-vm kernel: [    0.000000] ACPI: LAPIC_NMI (acpi_id[0x5a] high edge lint[0x1])
Sep 14 14:46:55 cu-cs-vm kernel: [    0.000000] ACPI: LAPIC_NMI (acpi_id[0x5b] high edge lint[0x1])
Sep 14 14:46:55 cu-cs-vm kernel: [    0.000000] ACPI: LAPIC_NMI (acpi_id[0x5c] high edge lint[0x1])
Sep 14 14:46:55 cu-cs-vm kernel: [    0.000000] ACPI: LAPIC_NMI (acpi_id[0x5d] high edge lint[0x1])
Sep 14 14:46:55 cu-cs-vm kernel: [    0.000000] ACPI: LAPIC_NMI (acpi_id[0x5e] high edge lint[0x1])
Sep 14 14:46:55 cu-cs-vm kernel: [    0.000000] ACPI: LAPIC_NMI (acpi_id[0x5f] high edge lint[0x1])
Sep 14 14:46:55 cu-cs-vm kernel: [    0.000000] ACPI: LAPIC_NMI (acpi_id[0x60] high edge lint[0x1])
Sep 14 14:46:55 cu-cs-vm kernel: [    0.000000] ACPI: LAPIC_NMI (acpi_id[0x61] high edge lint[0x1])
Sep 14 14:46:55 cu-cs-vm kernel: [    0.000000] ACPI: LAPIC_NMI (acpi_id[0x62] high edge lint[0x1])
Sep 14 14:46:55 cu-cs-vm kernel: [    0.000000] ACPI: LAPIC_NMI (acpi_id[0x63] high edge lint[0x1])
Sep 14 14:46:55 cu-cs-vm kernel: [    0.000000] ACPI: LAPIC_NMI (acpi_id[0x64] high edge lint[0x1])
Sep 14 14:46:55 cu-cs-vm kernel: [    0.000000] ACPI: LAPIC_NMI (acpi_id[0x65] high edge lint[0x1])
Sep 14 14:46:55 cu-cs-vm kernel: [    0.000000] ACPI: LAPIC_NMI (acpi_id[0x66] high edge lint[0x1])
Sep 14 14:46:55 cu-cs-vm kernel: [    0.000000] ACPI: LAPIC_NMI (acpi_id[0x67] high edge lint[0x1])
Sep 14 14:46:55 cu-cs-vm kernel: [    0.000000] ACPI: LAPIC_NMI (acpi_id[0x68] high edge lint[0x1])
Sep 14 14:46:55 cu-cs-vm kernel: [    0.000000] ACPI: LAPIC_NMI (acpi_id[0x69] high edge lint[0x1])
Sep 14 14:46:55 cu-cs-vm kernel: [    0.000000] ACPI: LAPIC_NMI (acpi_id[0x6a] high edge lint[0x1])
Sep 14 14:46:55 cu-cs-vm kernel: [    0.000000] ACPI: LAPIC_NMI (acpi_id[0x6b] high edge lint[0x1])
Sep 14 14:46:55 cu-cs-vm kernel: [    0.000000] ACPI: LAPIC_NMI (acpi_id[0x6c] high edge lint[0x1])
Sep 14 14:46:55 cu-cs-vm kernel: [    0.000000] ACPI: LAPIC_NMI (acpi_id[0x6d] high edge lint[0x1])
Sep 14 14:46:55 cu-cs-vm kernel: [    0.000000] ACPI: LAPIC_NMI (acpi_id[0x6e] high edge lint[0x1])
Sep 14 14:46:55 cu-cs-vm kernel: [    0.000000] ACPI: LAPIC_NMI (acpi_id[0x6f] high edge lint[0x1])
Sep 14 14:46:55 cu-cs-vm kernel: [    0.000000] ACPI: LAPIC_NMI (acpi_id[0x70] high edge lint[0x1])
Sep 14 14:46:55 cu-cs-vm kernel: [    0.000000] ACPI: LAPIC_NMI (acpi_id[0x71] high edge lint[0x1])
Sep 14 14:46:55 cu-cs-vm kernel: [    0.000000] ACPI: LAPIC_NMI (acpi_id[0x72] high edge lint[0x1])
Sep 14 14:46:55 cu-cs-vm kernel: [    0.000000] ACPI: LAPIC_NMI (acpi_id[0x73] high edge lint[0x1])
Sep 14 14:46:55 cu-cs-vm kernel: [    0.000000] ACPI: LAPIC_NMI (acpi_id[0x74] high edge lint[0x1])
Sep 14 14:46:55 cu-cs-vm kernel: [    0.000000] ACPI: LAPIC_NMI (acpi_id[0x75] high edge lint[0x1])
Sep 14 14:46:55 cu-cs-vm kernel: [    0.000000] ACPI: LAPIC_NMI (acpi_id[0x76] high edge lint[0x1])
Sep 14 14:46:55 cu-cs-vm kernel: [    0.000000] ACPI: LAPIC_NMI (acpi_id[0x77] high edge lint[0x1])
Sep 14 14:46:55 cu-cs-vm kernel: [    0.000000] ACPI: LAPIC_NMI (acpi_id[0x78] high edge lint[0x1])
Sep 14 14:46:55 cu-cs-vm kernel: [    0.000000] ACPI: LAPIC_NMI (acpi_id[0x79] high edge lint[0x1])
Sep 14 14:46:55 cu-cs-vm kernel: [    0.000000] ACPI: LAPIC_NMI (acpi_id[0x7a] high edge lint[0x1])
Sep 14 14:46:55 cu-cs-vm kernel: [    0.000000] ACPI: LAPIC_NMI (acpi_id[0x7b] high edge lint[0x1])
Sep 14 14:46:55 cu-cs-vm kernel: [    0.000000] ACPI: LAPIC_NMI (acpi_id[0x7c] high edge lint[0x1])
Sep 14 14:46:55 cu-cs-vm kernel: [    0.000000] ACPI: LAPIC_NMI (acpi_id[0x7d] high edge lint[0x1])
Sep 14 14:46:55 cu-cs-vm kernel: [    0.000000] ACPI: LAPIC_NMI (acpi_id[0x7e] high edge lint[0x1])
Sep 14 14:46:55 cu-cs-vm kernel: [    0.000000] ACPI: LAPIC_NMI (acpi_id[0x7f] high edge lint[0x1])
Sep 14 14:46:55 cu-cs-vm kernel: [    0.000000] IOAPIC[0]: apic_id 1, version 17, address 0xfec00000, GSI 0-23
Sep 14 14:46:55 cu-cs-vm kernel: [    0.000000] ACPI: INT_SRC_OVR (bus 0 bus_irq 0 global_irq 2 high edge)
Sep 14 14:46:55 cu-cs-vm kernel: [    0.000000] ACPI: IRQ0 used by override.
Sep 14 14:46:55 cu-cs-vm kernel: [    0.000000] ACPI: IRQ9 used by override.
Sep 14 14:46:55 cu-cs-vm kernel: [    0.000000] Using ACPI (MADT) for SMP configuration information
Sep 14 14:46:55 cu-cs-vm kernel: [    0.000000] smpboot: Allowing 128 CPUs, 126 hotplug CPUs
Sep 14 14:46:55 cu-cs-vm kernel: [    0.000000] PM: Registered nosave memory: [mem 0x00000000-0x00000fff]
Sep 14 14:46:55 cu-cs-vm kernel: [    0.000000] PM: Registered nosave memory: [mem 0x0009e000-0x0009efff]
Sep 14 14:46:55 cu-cs-vm kernel: [    0.000000] PM: Registered nosave memory: [mem 0x0009f000-0x0009ffff]
Sep 14 14:46:55 cu-cs-vm kernel: [    0.000000] PM: Registered nosave memory: [mem 0x000a0000-0x000dbfff]
Sep 14 14:46:55 cu-cs-vm kernel: [    0.000000] PM: Registered nosave memory: [mem 0x000dc000-0x000fffff]
Sep 14 14:46:55 cu-cs-vm kernel: [    0.000000] PM: Registered nosave memory: [mem 0x7fee0000-0x7fefefff]
Sep 14 14:46:55 cu-cs-vm kernel: [    0.000000] PM: Registered nosave memory: [mem 0x7feff000-0x7fefffff]
Sep 14 14:46:55 cu-cs-vm kernel: [    0.000000] e820: [mem 0x80000000-0xefffffff] available for PCI devices
Sep 14 14:46:55 cu-cs-vm kernel: [    0.000000] Booting paravirtualized kernel on bare hardware
Sep 14 14:46:55 cu-cs-vm kernel: [    0.000000] clocksource: refined-jiffies: mask: 0xffffffff max_cycles: 0xffffffff, max_idle_ns: 7645519600211568 ns
Sep 14 14:46:55 cu-cs-vm kernel: [    0.000000] setup_percpu: NR_CPUS:512 nr_cpumask_bits:512 nr_cpu_ids:128 nr_node_ids:1
Sep 14 14:46:55 cu-cs-vm kernel: [    0.000000] PERCPU: Embedded 34 pages/cpu @ffff880077a00000 s98328 r8192 d32744 u262144
Sep 14 14:46:55 cu-cs-vm kernel: [    0.000000] pcpu-alloc: s98328 r8192 d32744 u262144 alloc=1*2097152
Sep 14 14:46:55 cu-cs-vm kernel: [    0.000000] pcpu-alloc: [0] 000 001 002 003 004 005 006 007 
Sep 14 14:46:55 cu-cs-vm kernel: [    0.000000] pcpu-alloc: [0] 008 009 010 011 012 013 014 015 
Sep 14 14:46:55 cu-cs-vm kernel: [    0.000000] pcpu-alloc: [0] 016 017 018 019 020 021 022 023 
Sep 14 14:46:55 cu-cs-vm kernel: [    0.000000] pcpu-alloc: [0] 024 025 026 027 028 029 030 031 
Sep 14 14:46:55 cu-cs-vm kernel: [    0.000000] pcpu-alloc: [0] 032 033 034 035 036 037 038 039 
Sep 14 14:46:55 cu-cs-vm kernel: [    0.000000] pcpu-alloc: [0] 040 041 042 043 044 045 046 047 
Sep 14 14:46:55 cu-cs-vm kernel: [    0.000000] pcpu-alloc: [0] 048 049 050 051 052 053 054 055 
Sep 14 14:46:55 cu-cs-vm kernel: [    0.000000] pcpu-alloc: [0] 056 057 058 059 060 061 062 063 
Sep 14 14:46:55 cu-cs-vm kernel: [    0.000000] pcpu-alloc: [0] 064 065 066 067 068 069 070 071 
Sep 14 14:46:55 cu-cs-vm kernel: [    0.000000] pcpu-alloc: [0] 072 073 074 075 076 077 078 079 
Sep 14 14:46:55 cu-cs-vm kernel: [    0.000000] pcpu-alloc: [0] 080 081 082 083 084 085 086 087 
Sep 14 14:46:55 cu-cs-vm kernel: [    0.000000] pcpu-alloc: [0] 088 089 090 091 092 093 094 095 
Sep 14 14:46:55 cu-cs-vm kernel: [    0.000000] pcpu-alloc: [0] 096 097 098 099 100 101 102 103 
Sep 14 14:46:55 cu-cs-vm kernel: [    0.000000] pcpu-alloc: [0] 104 105 106 107 108 109 110 111 
Sep 14 14:46:55 cu-cs-vm kernel: [    0.000000] pcpu-alloc: [0] 112 113 114 115 116 117 118 119 
Sep 14 14:46:55 cu-cs-vm kernel: [    0.000000] pcpu-alloc: [0] 120 121 122 123 124 125 126 127 
Sep 14 14:46:55 cu-cs-vm kernel: [    0.000000] Built 1 zonelists in Node order, mobility grouping on.  Total pages: 515944
Sep 14 14:46:55 cu-cs-vm kernel: [    0.000000] Policy zone: DMA32
Sep 14 14:46:55 cu-cs-vm kernel: [    0.000000] Kernel command line: BOOT_IMAGE=/@/boot/vmlinuz-4.10.17-ToshOS root=UUID=403636af-0778-4937-b47b-ddd3b47d58cc ro rootflags=subvol=@ crashkernel=384M-:128M
Sep 14 14:46:55 cu-cs-vm kernel: [    0.000000] log_buf_len individual max cpu contribution: 4096 bytes
Sep 14 14:46:55 cu-cs-vm kernel: [    0.000000] log_buf_len total cpu_extra contributions: 520192 bytes
Sep 14 14:46:55 cu-cs-vm kernel: [    0.000000] log_buf_len min size: 262144 bytes
Sep 14 14:46:55 cu-cs-vm kernel: [    0.000000] log_buf_len: 1048576 bytes
Sep 14 14:46:55 cu-cs-vm kernel: [    0.000000] early log buf free: 236820(90%)
Sep 14 14:46:55 cu-cs-vm kernel: [    0.000000] PID hash table entries: 4096 (order: 3, 32768 bytes)
Sep 14 14:46:55 cu-cs-vm kernel: [    0.000000] Calgary: detecting Calgary via BIOS EBDA area
Sep 14 14:46:55 cu-cs-vm kernel: [    0.000000] Calgary: Unable to locate Rio Grande table in EBDA - bailing!
Sep 14 14:46:55 cu-cs-vm kernel: [    0.000000] Memory: 1857932K/2096628K available (8479K kernel code, 1294K rwdata, 3984K rodata, 1492K init, 1316K bss, 238696K reserved, 0K cma-reserved)
Sep 14 14:46:55 cu-cs-vm kernel: [    0.000000] SLUB: HWalign=64, Order=0-3, MinObjects=0, CPUs=128, Nodes=1
Sep 14 14:46:55 cu-cs-vm kernel: [    0.000000] Hierarchical RCU implementation.
Sep 14 14:46:55 cu-cs-vm kernel: [    0.000000] 	Build-time adjustment of leaf fanout to 64.
Sep 14 14:46:55 cu-cs-vm kernel: [    0.000000] 	RCU restricting CPUs from NR_CPUS=512 to nr_cpu_ids=128.
Sep 14 14:46:55 cu-cs-vm kernel: [    0.000000] RCU: Adjusting geometry for rcu_fanout_leaf=64, nr_cpu_ids=128
Sep 14 14:46:55 cu-cs-vm kernel: [    0.000000] NR_IRQS:33024 nr_irqs:1448 16
Sep 14 14:46:55 cu-cs-vm kernel: [    0.000000] Console: colour VGA+ 80x25
Sep 14 14:46:55 cu-cs-vm kernel: [    0.000000] console [tty0] enabled
Sep 14 14:46:55 cu-cs-vm kernel: [    0.000000] TSC freq read from hypervisor : 2711.999 MHz
Sep 14 14:46:55 cu-cs-vm kernel: [    0.000000] tsc: Detected 2711.999 MHz processor
Sep 14 14:46:55 cu-cs-vm kernel: [    0.000118] Calibrating delay loop (skipped) preset value.. 5423.99 BogoMIPS (lpj=10847996)
Sep 14 14:46:55 cu-cs-vm kernel: [    0.000275] pid_max: default: 131072 minimum: 1024
Sep 14 14:46:55 cu-cs-vm kernel: [    0.000357] ACPI: Core revision 20150930
Sep 14 14:46:55 cu-cs-vm kernel: [    0.008686] ACPI: 1 ACPI AML tables successfully acquired and loaded
Sep 14 14:46:55 cu-cs-vm kernel: [    0.008686] Security Framework initialized
Sep 14 14:46:55 cu-cs-vm kernel: [    0.008686] Yama: becoming mindful.
Sep 14 14:46:55 cu-cs-vm kernel: [    0.008686] AppArmor: AppArmor initialized
Sep 14 14:46:55 cu-cs-vm kernel: [    0.008686] Dentry cache hash table entries: 262144 (order: 9, 2097152 bytes)
Sep 14 14:46:55 cu-cs-vm kernel: [    0.008686] Inode-cache hash table entries: 131072 (order: 8, 1048576 bytes)
Sep 14 14:46:55 cu-cs-vm kernel: [    0.008686] Mount-cache hash table entries: 4096 (order: 3, 32768 bytes)
Sep 14 14:46:55 cu-cs-vm kernel: [    0.008686] Mountpoint-cache hash table entries: 4096 (order: 3, 32768 bytes)
Sep 14 14:46:55 cu-cs-vm kernel: [    0.008686] Initializing cgroup subsys io
Sep 14 14:46:55 cu-cs-vm kernel: [    0.008686] Initializing cgroup subsys memory
Sep 14 14:46:55 cu-cs-vm kernel: [    0.008686] Initializing cgroup subsys devices
Sep 14 14:46:55 cu-cs-vm kernel: [    0.008686] Initializing cgroup subsys freezer
Sep 14 14:46:55 cu-cs-vm kernel: [    0.008686] Initializing cgroup subsys net_cls
Sep 14 14:46:55 cu-cs-vm kernel: [    0.008686] Initializing cgroup subsys perf_event
Sep 14 14:46:55 cu-cs-vm kernel: [    0.008686] Initializing cgroup subsys net_prio
Sep 14 14:46:55 cu-cs-vm kernel: [    0.008686] Initializing cgroup subsys hugetlb
Sep 14 14:46:55 cu-cs-vm kernel: [    0.008686] Initializing cgroup subsys pids
Sep 14 14:46:55 cu-cs-vm kernel: [    0.008686] Disabled fast string operations
Sep 14 14:46:55 cu-cs-vm kernel: [    0.008686] CPU: Physical Processor ID: 0
Sep 14 14:46:55 cu-cs-vm kernel: [    0.008686] ENERGY_PERF_BIAS: Set to 'normal', was 'performance'
Sep 14 14:46:55 cu-cs-vm kernel: [    0.008686] ENERGY_PERF_BIAS: View and update with x86_energy_perf_policy(8)
Sep 14 14:46:55 cu-cs-vm kernel: [    0.008686] mce: CPU supports 0 MCE banks
Sep 14 14:46:55 cu-cs-vm kernel: [    0.008686] Last level iTLB entries: 4KB 64, 2MB 8, 4MB 8
Sep 14 14:46:55 cu-cs-vm kernel: [    0.008686] Last level dTLB entries: 4KB 64, 2MB 0, 4MB 0, 1GB 4
Sep 14 14:46:55 cu-cs-vm kernel: [    0.008686] Freeing SMP alternatives memory: 32K (ffffffff820ba000 - ffffffff820c2000)
Sep 14 14:46:55 cu-cs-vm kernel: [    0.008686] ftrace: allocating 32136 entries in 126 pages
Sep 14 14:46:55 cu-cs-vm kernel: [    0.008686] smpboot: APIC(0) Converting physical 0 to logical package 0
Sep 14 14:46:55 cu-cs-vm kernel: [    0.008686] smpboot: APIC(2) Converting physical 2 to logical package 1
Sep 14 14:46:55 cu-cs-vm kernel: [    0.008686] smpboot: Max logical packages: 128
Sep 14 14:46:55 cu-cs-vm kernel: [    0.008801] ..TIMER: vector=0x30 apic1=0 pin1=2 apic2=-1 pin2=-1
Sep 14 14:46:55 cu-cs-vm kernel: [    0.285898] TSC deadline timer enabled
Sep 14 14:46:55 cu-cs-vm kernel: [    0.285916] smpboot: CPU0: Intel(R) Core(TM) i5-7200U CPU @ 2.50GHz (family: 0x6, model: 0x8e, stepping: 0x9)
Sep 14 14:46:55 cu-cs-vm kernel: [    0.286115] Performance Events: generic architected perfmon v1, core PMU driver.
Sep 14 14:46:55 cu-cs-vm kernel: [    0.286270] core: CPUID marked event: 'cpu cycles' unavailable
Sep 14 14:46:55 cu-cs-vm kernel: [    0.286347] core: CPUID marked event: 'instructions' unavailable
Sep 14 14:46:55 cu-cs-vm kernel: [    0.286423] core: CPUID marked event: 'bus cycles' unavailable
Sep 14 14:46:55 cu-cs-vm kernel: [    0.286500] core: CPUID marked event: 'cache references' unavailable
Sep 14 14:46:55 cu-cs-vm kernel: [    0.286579] core: CPUID marked event: 'cache misses' unavailable
Sep 14 14:46:55 cu-cs-vm kernel: [    0.286656] core: CPUID marked event: 'branch instructions' unavailable
Sep 14 14:46:55 cu-cs-vm kernel: [    0.286736] core: CPUID marked event: 'branch misses' unavailable
Sep 14 14:46:55 cu-cs-vm kernel: [    0.286815] ... version:                1
Sep 14 14:46:55 cu-cs-vm kernel: [    0.286882] ... bit width:              48
Sep 14 14:46:55 cu-cs-vm kernel: [    0.286950] ... generic registers:      4
Sep 14 14:46:55 cu-cs-vm kernel: [    0.287028] ... value mask:             0000ffffffffffff
Sep 14 14:46:55 cu-cs-vm kernel: [    0.287102] ... max period:             000000007fffffff
Sep 14 14:46:55 cu-cs-vm kernel: [    0.287176] ... fixed-purpose events:   0
Sep 14 14:46:55 cu-cs-vm kernel: [    0.287244] ... event mask:             000000000000000f
Sep 14 14:46:55 cu-cs-vm kernel: [    0.288890] NMI watchdog: disabled (cpu0): hardware events not enabled
Sep 14 14:46:55 cu-cs-vm kernel: [    0.288977] NMI watchdog: Shutting down hard lockup detector on all cpus
Sep 14 14:46:55 cu-cs-vm kernel: [    0.289178] x86: Booting SMP configuration:
Sep 14 14:46:55 cu-cs-vm kernel: [    0.289249] .... node  #0, CPUs:          #1
Sep 14 14:46:55 cu-cs-vm kernel: [    0.289725] Disabled fast string operations
Sep 14 14:46:55 cu-cs-vm kernel: [    0.290910] mce: CPU supports 0 MCE banks
Sep 14 14:46:55 cu-cs-vm kernel: [    0.291079] x86: Booted up 1 node, 2 CPUs
Sep 14 14:46:55 cu-cs-vm kernel: [    0.291356] smpboot: Total of 2 processors activated (10847.99 BogoMIPS)
Sep 14 14:46:55 cu-cs-vm kernel: [    0.292283] devtmpfs: initialized
Sep 14 14:46:55 cu-cs-vm kernel: [    0.293656] evm: security.selinux
Sep 14 14:46:55 cu-cs-vm kernel: [    0.293723] evm: security.SMACK64
Sep 14 14:46:55 cu-cs-vm kernel: [    0.293787] evm: security.SMACK64EXEC
Sep 14 14:46:55 cu-cs-vm kernel: [    0.293852] evm: security.SMACK64TRANSMUTE
Sep 14 14:46:55 cu-cs-vm kernel: [    0.293920] evm: security.SMACK64MMAP
Sep 14 14:46:55 cu-cs-vm kernel: [    0.293985] evm: security.ima
Sep 14 14:46:55 cu-cs-vm kernel: [    0.294047] evm: security.capability
Sep 14 14:46:55 cu-cs-vm kernel: [    0.294279] PM: Registering ACPI NVS region [mem 0x7feff000-0x7fefffff] (4096 bytes)
Sep 14 14:46:55 cu-cs-vm kernel: [    0.294529] clocksource: jiffies: mask: 0xffffffff max_cycles: 0xffffffff, max_idle_ns: 7645041785100000 ns
Sep 14 14:46:55 cu-cs-vm kernel: [    0.294749] futex hash table entries: 32768 (order: 9, 2097152 bytes)
Sep 14 14:46:55 cu-cs-vm kernel: [    0.295626] pinctrl core: initialized pinctrl subsystem
Sep 14 14:46:55 cu-cs-vm kernel: [    0.295882] RTC time: 20:46:45, date: 09/14/17
Sep 14 14:46:55 cu-cs-vm kernel: [    0.296145] NET: Registered protocol family 16
Sep 14 14:46:55 cu-cs-vm kernel: [    0.310281] cpuidle: using governor ladder
Sep 14 14:46:55 cu-cs-vm kernel: [    0.340454] cpuidle: using governor menu
Sep 14 14:46:55 cu-cs-vm kernel: [    0.340540] PCCT header not found.
Sep 14 14:46:55 cu-cs-vm kernel: [    0.340638] Simple Boot Flag at 0x36 set to 0x80
Sep 14 14:46:55 cu-cs-vm kernel: [    0.340775] ACPI: bus type PCI registered
Sep 14 14:46:55 cu-cs-vm kernel: [    0.340847] acpiphp: ACPI Hot Plug PCI Controller Driver version: 0.5
Sep 14 14:46:55 cu-cs-vm kernel: [    0.341185] PCI: MMCONFIG for domain 0000 [bus 00-7f] at [mem 0xf0000000-0xf7ffffff] (base 0xf0000000)
Sep 14 14:46:55 cu-cs-vm kernel: [    0.341319] PCI: MMCONFIG at [mem 0xf0000000-0xf7ffffff] reserved in E820
Sep 14 14:46:55 cu-cs-vm kernel: [    0.341411] PCI: Using configuration type 1 for base access
Sep 14 14:46:55 cu-cs-vm kernel: [    0.354439] ACPI: Added _OSI(Module Device)
Sep 14 14:46:55 cu-cs-vm kernel: [    0.354517] ACPI: Added _OSI(Processor Device)
Sep 14 14:46:55 cu-cs-vm kernel: [    0.354588] ACPI: Added _OSI(3.0 _SCP Extensions)
Sep 14 14:46:55 cu-cs-vm kernel: [    0.354659] ACPI: Added _OSI(Processor Aggregator Device)
Sep 14 14:46:55 cu-cs-vm kernel: [    0.361888] [Firmware Bug]: ACPI: BIOS _OSI(Linux) query ignored
Sep 14 14:46:55 cu-cs-vm kernel: [    0.373196] ACPI: Interpreter enabled
Sep 14 14:46:55 cu-cs-vm kernel: [    0.373281] ACPI: (supports S0 S1 S4 S5)
Sep 14 14:46:55 cu-cs-vm kernel: [    0.373349] ACPI: Using IOAPIC for interrupt routing
Sep 14 14:46:55 cu-cs-vm kernel: [    0.373441] PCI: Using host bridge windows from ACPI; if necessary, use "pci=nocrs" and report a bug
Sep 14 14:46:55 cu-cs-vm kernel: [    0.426028] ACPI: PCI Root Bridge [PCI0] (domain 0000 [bus 00-7f])
Sep 14 14:46:55 cu-cs-vm kernel: [    0.426120] acpi PNP0A03:00: _OSC: OS supports [ExtendedConfig ASPM ClockPM Segments MSI]
Sep 14 14:46:55 cu-cs-vm kernel: [    0.426398] acpi PNP0A03:00: _OSC: platform does not support [AER]
Sep 14 14:46:55 cu-cs-vm kernel: [    0.426615] acpi PNP0A03:00: _OSC: OS now controls [PCIeHotplug PME PCIeCapability]
Sep 14 14:46:55 cu-cs-vm kernel: [    0.428175] PCI host bridge to bus 0000:00
Sep 14 14:46:55 cu-cs-vm kernel: [    0.428250] pci_bus 0000:00: root bus resource [mem 0x000a0000-0x000bffff window]
Sep 14 14:46:55 cu-cs-vm kernel: [    0.428372] pci_bus 0000:00: root bus resource [mem 0x000cc000-0x000cffff window]
Sep 14 14:46:55 cu-cs-vm kernel: [    0.428494] pci_bus 0000:00: root bus resource [mem 0x000d0000-0x000d3fff window]
Sep 14 14:46:55 cu-cs-vm kernel: [    0.428616] pci_bus 0000:00: root bus resource [mem 0x000d4000-0x000d7fff window]
Sep 14 14:46:55 cu-cs-vm kernel: [    0.428738] pci_bus 0000:00: root bus resource [mem 0x000d8000-0x000dbfff window]
Sep 14 14:46:55 cu-cs-vm kernel: [    0.428860] pci_bus 0000:00: root bus resource [mem 0xc0000000-0xfebfffff window]
Sep 14 14:46:55 cu-cs-vm kernel: [    0.428983] pci_bus 0000:00: root bus resource [io  0x0000-0x0cf7 window]
Sep 14 14:46:55 cu-cs-vm kernel: [    0.429065] pci_bus 0000:00: root bus resource [io  0x0d00-0xfeff window]
Sep 14 14:46:55 cu-cs-vm kernel: [    0.429148] pci_bus 0000:00: root bus resource [bus 00-7f]
Sep 14 14:46:55 cu-cs-vm kernel: [    0.429272] pci 0000:00:00.0: [8086:7190] type 00 class 0x060000
Sep 14 14:46:55 cu-cs-vm kernel: [    0.429802] pci 0000:00:01.0: [8086:7191] type 01 class 0x060400
Sep 14 14:46:55 cu-cs-vm kernel: [    0.430262] pci 0000:00:07.0: [8086:7110] type 00 class 0x060100
Sep 14 14:46:55 cu-cs-vm kernel: [    0.430835] pci 0000:00:07.1: [8086:7111] type 00 class 0x01018a
Sep 14 14:46:55 cu-cs-vm kernel: [    0.432314] pci 0000:00:07.1: reg 0x20: [io  0x1060-0x106f]
Sep 14 14:46:55 cu-cs-vm kernel: [    0.432844] pci 0000:00:07.1: legacy IDE quirk: reg 0x10: [io  0x01f0-0x01f7]
Sep 14 14:46:55 cu-cs-vm kernel: [    0.432931] pci 0000:00:07.1: legacy IDE quirk: reg 0x14: [io  0x03f6]
Sep 14 14:46:55 cu-cs-vm kernel: [    0.433013] pci 0000:00:07.1: legacy IDE quirk: reg 0x18: [io  0x0170-0x0177]
Sep 14 14:46:55 cu-cs-vm kernel: [    0.433097] pci 0000:00:07.1: legacy IDE quirk: reg 0x1c: [io  0x0376]
Sep 14 14:46:55 cu-cs-vm kernel: [    0.433337] pci 0000:00:07.3: [8086:7113] type 00 class 0x068000
Sep 14 14:46:55 cu-cs-vm kernel: [    0.434902] pci 0000:00:07.3: quirk: [io  0x1000-0x103f] claimed by PIIX4 ACPI
Sep 14 14:46:55 cu-cs-vm kernel: [    0.435036] pci 0000:00:07.3: quirk: [io  0x1040-0x104f] claimed by PIIX4 SMB
Sep 14 14:46:55 cu-cs-vm kernel: [    0.435357] pci 0000:00:07.7: [15ad:0740] type 00 class 0x088000
Sep 14 14:46:55 cu-cs-vm kernel: [    0.436104] pci 0000:00:07.7: reg 0x10: [io  0x1080-0x10bf]
Sep 14 14:46:55 cu-cs-vm kernel: [    0.436663] pci 0000:00:07.7: reg 0x14: [mem 0xfebfe000-0xfebfffff 64bit]
Sep 14 14:46:55 cu-cs-vm kernel: [    0.439113] pci 0000:00:0f.0: [15ad:0405] type 00 class 0x030000
Sep 14 14:46:55 cu-cs-vm kernel: [    0.441232] pci 0000:00:0f.0: reg 0x10: [io  0x1070-0x107f]
Sep 14 14:46:55 cu-cs-vm kernel: [    0.443186] pci 0000:00:0f.0: reg 0x14: [mem 0xe8000000-0xefffffff pref]
Sep 14 14:46:55 cu-cs-vm kernel: [    0.444840] pci 0000:00:0f.0: reg 0x18: [mem 0xfe000000-0xfe7fffff]
Sep 14 14:46:55 cu-cs-vm kernel: [    0.451537] pci 0000:00:0f.0: reg 0x30: [mem 0x00000000-0x00007fff pref]
Sep 14 14:46:55 cu-cs-vm kernel: [    0.451878] pci 0000:00:10.0: [1000:0030] type 00 class 0x010000
Sep 14 14:46:55 cu-cs-vm kernel: [    0.452799] pci 0000:00:10.0: reg 0x10: [io  0x1400-0x14ff]
Sep 14 14:46:55 cu-cs-vm kernel: [    0.453663] pci 0000:00:10.0: reg 0x14: [mem 0xfeba0000-0xfebbffff 64bit]
Sep 14 14:46:55 cu-cs-vm kernel: [    0.454513] pci 0000:00:10.0: reg 0x1c: [mem 0xfebc0000-0xfebdffff 64bit]
Sep 14 14:46:55 cu-cs-vm kernel: [    0.456155] pci 0000:00:10.0: reg 0x30: [mem 0x00000000-0x00003fff pref]
Sep 14 14:46:55 cu-cs-vm kernel: [    0.456464] pci 0000:00:11.0: [15ad:0790] type 01 class 0x060401
Sep 14 14:46:55 cu-cs-vm kernel: [    0.456918] pci 0000:00:11.0: System wakeup disabled by ACPI
Sep 14 14:46:55 cu-cs-vm kernel: [    0.457150] pci 0000:00:15.0: [15ad:07a0] type 01 class 0x060400
Sep 14 14:46:55 cu-cs-vm kernel: [    0.457713] pci 0000:00:15.0: PME# supported from D0 D3hot D3cold
Sep 14 14:46:55 cu-cs-vm kernel: [    0.457855] pci 0000:00:15.0: System wakeup disabled by ACPI
Sep 14 14:46:55 cu-cs-vm kernel: [    0.458052] pci 0000:00:15.1: [15ad:07a0] type 01 class 0x060400
Sep 14 14:46:55 cu-cs-vm kernel: [    0.458609] pci 0000:00:15.1: PME# supported from D0 D3hot D3cold
Sep 14 14:46:55 cu-cs-vm kernel: [    0.458752] pci 0000:00:15.1: System wakeup disabled by ACPI
Sep 14 14:46:55 cu-cs-vm kernel: [    0.458971] pci 0000:00:15.2: [15ad:07a0] type 01 class 0x060400
Sep 14 14:46:55 cu-cs-vm kernel: [    0.459512] pci 0000:00:15.2: PME# supported from D0 D3hot D3cold
Sep 14 14:46:55 cu-cs-vm kernel: [    0.459664] pci 0000:00:15.2: System wakeup disabled by ACPI
Sep 14 14:46:55 cu-cs-vm kernel: [    0.459853] pci 0000:00:15.3: [15ad:07a0] type 01 class 0x060400
Sep 14 14:46:55 cu-cs-vm kernel: [    0.460391] pci 0000:00:15.3: PME# supported from D0 D3hot D3cold
Sep 14 14:46:55 cu-cs-vm kernel: [    0.460531] pci 0000:00:15.3: System wakeup disabled by ACPI
Sep 14 14:46:55 cu-cs-vm kernel: [    0.460768] pci 0000:00:15.4: [15ad:07a0] type 01 class 0x060400
Sep 14 14:46:55 cu-cs-vm kernel: [    0.461308] pci 0000:00:15.4: PME# supported from D0 D3hot D3cold
Sep 14 14:46:55 cu-cs-vm kernel: [    0.461449] pci 0000:00:15.4: System wakeup disabled by ACPI
Sep 14 14:46:55 cu-cs-vm kernel: [    0.461657] pci 0000:00:15.5: [15ad:07a0] type 01 class 0x060400
Sep 14 14:46:55 cu-cs-vm kernel: [    0.462205] pci 0000:00:15.5: PME# supported from D0 D3hot D3cold
Sep 14 14:46:55 cu-cs-vm kernel: [    0.462344] pci 0000:00:15.5: System wakeup disabled by ACPI
Sep 14 14:46:55 cu-cs-vm kernel: [    0.462523] pci 0000:00:15.6: [15ad:07a0] type 01 class 0x060400
Sep 14 14:46:55 cu-cs-vm kernel: [    0.463061] pci 0000:00:15.6: PME# supported from D0 D3hot D3cold
Sep 14 14:46:55 cu-cs-vm kernel: [    0.463200] pci 0000:00:15.6: System wakeup disabled by ACPI
Sep 14 14:46:55 cu-cs-vm kernel: [    0.463377] pci 0000:00:15.7: [15ad:07a0] type 01 class 0x060400
Sep 14 14:46:55 cu-cs-vm kernel: [    0.463947] pci 0000:00:15.7: PME# supported from D0 D3hot D3cold
Sep 14 14:46:55 cu-cs-vm kernel: [    0.464089] pci 0000:00:15.7: System wakeup disabled by ACPI
Sep 14 14:46:55 cu-cs-vm kernel: [    0.464303] pci 0000:00:16.0: [15ad:07a0] type 01 class 0x060400
Sep 14 14:46:55 cu-cs-vm kernel: [    0.464843] pci 0000:00:16.0: PME# supported from D0 D3hot D3cold
Sep 14 14:46:55 cu-cs-vm kernel: [    0.464982] pci 0000:00:16.0: System wakeup disabled by ACPI
Sep 14 14:46:55 cu-cs-vm kernel: [    0.465163] pci 0000:00:16.1: [15ad:07a0] type 01 class 0x060400
Sep 14 14:46:55 cu-cs-vm kernel: [    0.465723] pci 0000:00:16.1: PME# supported from D0 D3hot D3cold
Sep 14 14:46:55 cu-cs-vm kernel: [    0.465874] pci 0000:00:16.1: System wakeup disabled by ACPI
Sep 14 14:46:55 cu-cs-vm kernel: [    0.466073] pci 0000:00:16.2: [15ad:07a0] type 01 class 0x060400
Sep 14 14:46:55 cu-cs-vm kernel: [    0.466615] pci 0000:00:16.2: PME# supported from D0 D3hot D3cold
Sep 14 14:46:55 cu-cs-vm kernel: [    0.466756] pci 0000:00:16.2: System wakeup disabled by ACPI
Sep 14 14:46:55 cu-cs-vm kernel: [    0.466970] pci 0000:00:16.3: [15ad:07a0] type 01 class 0x060400
Sep 14 14:46:55 cu-cs-vm kernel: [    0.467508] pci 0000:00:16.3: PME# supported from D0 D3hot D3cold
Sep 14 14:46:55 cu-cs-vm kernel: [    0.467648] pci 0000:00:16.3: System wakeup disabled by ACPI
Sep 14 14:46:55 cu-cs-vm kernel: [    0.467855] pci 0000:00:16.4: [15ad:07a0] type 01 class 0x060400
Sep 14 14:46:55 cu-cs-vm kernel: [    0.468418] pci 0000:00:16.4: PME# supported from D0 D3hot D3cold
Sep 14 14:46:55 cu-cs-vm kernel: [    0.468560] pci 0000:00:16.4: System wakeup disabled by ACPI
Sep 14 14:46:55 cu-cs-vm kernel: [    0.468738] pci 0000:00:16.5: [15ad:07a0] type 01 class 0x060400
Sep 14 14:46:55 cu-cs-vm kernel: [    0.469278] pci 0000:00:16.5: PME# supported from D0 D3hot D3cold
Sep 14 14:46:55 cu-cs-vm kernel: [    0.469416] pci 0000:00:16.5: System wakeup disabled by ACPI
Sep 14 14:46:55 cu-cs-vm kernel: [    0.469628] pci 0000:00:16.6: [15ad:07a0] type 01 class 0x060400
Sep 14 14:46:55 cu-cs-vm kernel: [    0.470166] pci 0000:00:16.6: PME# supported from D0 D3hot D3cold
Sep 14 14:46:55 cu-cs-vm kernel: [    0.470308] pci 0000:00:16.6: System wakeup disabled by ACPI
Sep 14 14:46:55 cu-cs-vm kernel: [    0.470486] pci 0000:00:16.7: [15ad:07a0] type 01 class 0x060400
Sep 14 14:46:55 cu-cs-vm kernel: [    0.471022] pci 0000:00:16.7: PME# supported from D0 D3hot D3cold
Sep 14 14:46:55 cu-cs-vm kernel: [    0.471162] pci 0000:00:16.7: System wakeup disabled by ACPI
Sep 14 14:46:55 cu-cs-vm kernel: [    0.471338] pci 0000:00:17.0: [15ad:07a0] type 01 class 0x060400
Sep 14 14:46:55 cu-cs-vm kernel: [    0.471882] pci 0000:00:17.0: PME# supported from D0 D3hot D3cold
Sep 14 14:46:55 cu-cs-vm kernel: [    0.472022] pci 0000:00:17.0: System wakeup disabled by ACPI
Sep 14 14:46:55 cu-cs-vm kernel: [    0.472200] pci 0000:00:17.1: [15ad:07a0] type 01 class 0x060400
Sep 14 14:46:55 cu-cs-vm kernel: [    0.472760] pci 0000:00:17.1: PME# supported from D0 D3hot D3cold
Sep 14 14:46:55 cu-cs-vm kernel: [    0.472900] pci 0000:00:17.1: System wakeup disabled by ACPI
Sep 14 14:46:55 cu-cs-vm kernel: [    0.473082] pci 0000:00:17.2: [15ad:07a0] type 01 class 0x060400
Sep 14 14:46:55 cu-cs-vm kernel: [    0.473629] pci 0000:00:17.2: PME# supported from D0 D3hot D3cold
Sep 14 14:46:55 cu-cs-vm kernel: [    0.473772] pci 0000:00:17.2: System wakeup disabled by ACPI
Sep 14 14:46:55 cu-cs-vm kernel: [    0.473951] pci 0000:00:17.3: [15ad:07a0] type 01 class 0x060400
Sep 14 14:46:55 cu-cs-vm kernel: [    0.474502] pci 0000:00:17.3: PME# supported from D0 D3hot D3cold
Sep 14 14:46:55 cu-cs-vm kernel: [    0.474641] pci 0000:00:17.3: System wakeup disabled by ACPI
Sep 14 14:46:55 cu-cs-vm kernel: [    0.474879] pci 0000:00:17.4: [15ad:07a0] type 01 class 0x060400
Sep 14 14:46:55 cu-cs-vm kernel: [    0.475417] pci 0000:00:17.4: PME# supported from D0 D3hot D3cold
Sep 14 14:46:55 cu-cs-vm kernel: [    0.475557] pci 0000:00:17.4: System wakeup disabled by ACPI
Sep 14 14:46:55 cu-cs-vm kernel: [    0.475734] pci 0000:00:17.5: [15ad:07a0] type 01 class 0x060400
Sep 14 14:46:55 cu-cs-vm kernel: [    0.476279] pci 0000:00:17.5: PME# supported from D0 D3hot D3cold
Sep 14 14:46:55 cu-cs-vm kernel: [    0.476451] pci 0000:00:17.5: System wakeup disabled by ACPI
Sep 14 14:46:55 cu-cs-vm kernel: [    0.476633] pci 0000:00:17.6: [15ad:07a0] type 01 class 0x060400
Sep 14 14:46:55 cu-cs-vm kernel: [    0.477171] pci 0000:00:17.6: PME# supported from D0 D3hot D3cold
Sep 14 14:46:55 cu-cs-vm kernel: [    0.477311] pci 0000:00:17.6: System wakeup disabled by ACPI
Sep 14 14:46:55 cu-cs-vm kernel: [    0.477490] pci 0000:00:17.7: [15ad:07a0] type 01 class 0x060400
Sep 14 14:46:55 cu-cs-vm kernel: [    0.478027] pci 0000:00:17.7: PME# supported from D0 D3hot D3cold
Sep 14 14:46:55 cu-cs-vm kernel: [    0.478166] pci 0000:00:17.7: System wakeup disabled by ACPI
Sep 14 14:46:55 cu-cs-vm kernel: [    0.478343] pci 0000:00:18.0: [15ad:07a0] type 01 class 0x060400
Sep 14 14:46:55 cu-cs-vm kernel: [    0.478881] pci 0000:00:18.0: PME# supported from D0 D3hot D3cold
Sep 14 14:46:55 cu-cs-vm kernel: [    0.479020] pci 0000:00:18.0: System wakeup disabled by ACPI
Sep 14 14:46:55 cu-cs-vm kernel: [    0.479265] pci 0000:00:18.1: [15ad:07a0] type 01 class 0x060400
Sep 14 14:46:55 cu-cs-vm kernel: [    0.479803] pci 0000:00:18.1: PME# supported from D0 D3hot D3cold
Sep 14 14:46:55 cu-cs-vm kernel: [    0.479950] pci 0000:00:18.1: System wakeup disabled by ACPI
Sep 14 14:46:55 cu-cs-vm kernel: [    0.480131] pci 0000:00:18.2: [15ad:07a0] type 01 class 0x060400
Sep 14 14:46:55 cu-cs-vm kernel: [    0.480681] pci 0000:00:18.2: PME# supported from D0 D3hot D3cold
Sep 14 14:46:55 cu-cs-vm kernel: [    0.480822] pci 0000:00:18.2: System wakeup disabled by ACPI
Sep 14 14:46:55 cu-cs-vm kernel: [    0.481017] pci 0000:00:18.3: [15ad:07a0] type 01 class 0x060400
Sep 14 14:46:55 cu-cs-vm kernel: [    0.481558] pci 0000:00:18.3: PME# supported from D0 D3hot D3cold
Sep 14 14:46:55 cu-cs-vm kernel: [    0.481697] pci 0000:00:18.3: System wakeup disabled by ACPI
Sep 14 14:46:55 cu-cs-vm kernel: [    0.481963] pci 0000:00:18.4: [15ad:07a0] type 01 class 0x060400
Sep 14 14:46:55 cu-cs-vm kernel: [    0.482501] pci 0000:00:18.4: PME# supported from D0 D3hot D3cold
Sep 14 14:46:55 cu-cs-vm kernel: [    0.482641] pci 0000:00:18.4: System wakeup disabled by ACPI
Sep 14 14:46:55 cu-cs-vm kernel: [    0.482820] pci 0000:00:18.5: [15ad:07a0] type 01 class 0x060400
Sep 14 14:46:55 cu-cs-vm kernel: [    0.483361] pci 0000:00:18.5: PME# supported from D0 D3hot D3cold
Sep 14 14:46:55 cu-cs-vm kernel: [    0.483500] pci 0000:00:18.5: System wakeup disabled by ACPI
Sep 14 14:46:55 cu-cs-vm kernel: [    0.483677] pci 0000:00:18.6: [15ad:07a0] type 01 class 0x060400
Sep 14 14:46:55 cu-cs-vm kernel: [    0.484225] pci 0000:00:18.6: PME# supported from D0 D3hot D3cold
Sep 14 14:46:55 cu-cs-vm kernel: [    0.484364] pci 0000:00:18.6: System wakeup disabled by ACPI
Sep 14 14:46:55 cu-cs-vm kernel: [    0.484573] pci 0000:00:18.7: [15ad:07a0] type 01 class 0x060400
Sep 14 14:46:55 cu-cs-vm kernel: [    0.485128] pci 0000:00:18.7: PME# supported from D0 D3hot D3cold
Sep 14 14:46:55 cu-cs-vm kernel: [    0.485279] pci 0000:00:18.7: System wakeup disabled by ACPI
Sep 14 14:46:55 cu-cs-vm kernel: [    0.485748] pci 0000:00:01.0: PCI bridge to [bus 01]
Sep 14 14:46:55 cu-cs-vm kernel: [    0.486122] acpiphp: Slot [32] registered
Sep 14 14:46:55 cu-cs-vm kernel: [    0.486210] acpiphp: Slot [33] registered
Sep 14 14:46:55 cu-cs-vm kernel: [    0.486295] acpiphp: Slot [34] registered
Sep 14 14:46:55 cu-cs-vm kernel: [    0.486379] acpiphp: Slot [35] registered
Sep 14 14:46:55 cu-cs-vm kernel: [    0.486465] acpiphp: Slot [36] registered
Sep 14 14:46:55 cu-cs-vm kernel: [    0.486550] acpiphp: Slot [37] registered
Sep 14 14:46:55 cu-cs-vm kernel: [    0.486635] acpiphp: Slot [38] registered
Sep 14 14:46:55 cu-cs-vm kernel: [    0.486719] acpiphp: Slot [39] registered
Sep 14 14:46:55 cu-cs-vm kernel: [    0.486803] acpiphp: Slot [40] registered
Sep 14 14:46:55 cu-cs-vm kernel: [    0.486886] acpiphp: Slot [41] registered
Sep 14 14:46:55 cu-cs-vm kernel: [    0.486970] acpiphp: Slot [42] registered
Sep 14 14:46:55 cu-cs-vm kernel: [    0.487054] acpiphp: Slot [43] registered
Sep 14 14:46:55 cu-cs-vm kernel: [    0.487138] acpiphp: Slot [44] registered
Sep 14 14:46:55 cu-cs-vm kernel: [    0.487241] acpiphp: Slot [45] registered
Sep 14 14:46:55 cu-cs-vm kernel: [    0.487326] acpiphp: Slot [46] registered
Sep 14 14:46:55 cu-cs-vm kernel: [    0.487417] acpiphp: Slot [47] registered
Sep 14 14:46:55 cu-cs-vm kernel: [    0.487510] acpiphp: Slot [48] registered
Sep 14 14:46:55 cu-cs-vm kernel: [    0.487596] acpiphp: Slot [49] registered
Sep 14 14:46:55 cu-cs-vm kernel: [    0.488680] acpiphp: Slot [50] registered
Sep 14 14:46:55 cu-cs-vm kernel: [    0.488765] acpiphp: Slot [51] registered
Sep 14 14:46:55 cu-cs-vm kernel: [    0.488848] acpiphp: Slot [52] registered
Sep 14 14:46:55 cu-cs-vm kernel: [    0.488932] acpiphp: Slot [53] registered
Sep 14 14:46:55 cu-cs-vm kernel: [    0.489015] acpiphp: Slot [54] registered
Sep 14 14:46:55 cu-cs-vm kernel: [    0.489098] acpiphp: Slot [55] registered
Sep 14 14:46:55 cu-cs-vm kernel: [    0.489182] acpiphp: Slot [56] registered
Sep 14 14:46:55 cu-cs-vm kernel: [    0.489265] acpiphp: Slot [57] registered
Sep 14 14:46:55 cu-cs-vm kernel: [    0.489369] acpiphp: Slot [58] registered
Sep 14 14:46:55 cu-cs-vm kernel: [    0.489454] acpiphp: Slot [59] registered
Sep 14 14:46:55 cu-cs-vm kernel: [    0.489537] acpiphp: Slot [60] registered
Sep 14 14:46:55 cu-cs-vm kernel: [    0.489621] acpiphp: Slot [61] registered
Sep 14 14:46:55 cu-cs-vm kernel: [    0.489707] acpiphp: Slot [62] registered
Sep 14 14:46:55 cu-cs-vm kernel: [    0.489815] acpiphp: Slot [63] registered
Sep 14 14:46:55 cu-cs-vm kernel: [    0.489944] pci 0000:02:00.0: [15ad:0774] type 00 class 0x0c0300
Sep 14 14:46:55 cu-cs-vm kernel: [    0.491280] pci 0000:02:00.0: reg 0x20: [io  0x20c0-0x20df]
Sep 14 14:46:55 cu-cs-vm kernel: [    0.491954] pci 0000:02:00.0: System wakeup disabled by ACPI
Sep 14 14:46:55 cu-cs-vm kernel: [    0.492095] pci 0000:02:01.0: [1022:2000] type 00 class 0x020000
Sep 14 14:46:55 cu-cs-vm kernel: [    0.492362] pci 0000:02:01.0: reg 0x10: [io  0x2000-0x207f]
Sep 14 14:46:55 cu-cs-vm kernel: [    0.493701] pci 0000:02:01.0: reg 0x30: [mem 0x00000000-0x0000ffff pref]
Sep 14 14:46:55 cu-cs-vm kernel: [    0.493847] pci 0000:02:01.0: System wakeup disabled by ACPI
Sep 14 14:46:55 cu-cs-vm kernel: [    0.494021] pci 0000:02:02.0: [1274:1371] type 00 class 0x040100
Sep 14 14:46:55 cu-cs-vm kernel: [    0.494354] pci 0000:02:02.0: reg 0x10: [io  0x2080-0x20bf]
Sep 14 14:46:55 cu-cs-vm kernel: [    0.496039] pci 0000:02:02.0: System wakeup disabled by ACPI
Sep 14 14:46:55 cu-cs-vm kernel: [    0.496209] pci 0000:02:03.0: [15ad:0770] type 00 class 0x0c0320
Sep 14 14:46:55 cu-cs-vm kernel: [    0.496696] pci 0000:02:03.0: reg 0x10: [mem 0xfd5ff000-0xfd5fffff]
Sep 14 14:46:55 cu-cs-vm kernel: [    0.499061] pci 0000:02:03.0: System wakeup disabled by ACPI
Sep 14 14:46:55 cu-cs-vm kernel: [    0.499319] pci 0000:02:05.0: [15ad:07e0] type 00 class 0x010601
Sep 14 14:46:55 cu-cs-vm kernel: [    0.501656] pci 0000:02:05.0: reg 0x24: [mem 0xfd5fe000-0xfd5fefff]
Sep 14 14:46:55 cu-cs-vm kernel: [    0.502015] pci 0000:02:05.0: reg 0x30: [mem 0x00000000-0x0000ffff pref]
Sep 14 14:46:55 cu-cs-vm kernel: [    0.502259] pci 0000:02:05.0: PME# supported from D3hot
Sep 14 14:46:55 cu-cs-vm kernel: [    0.502378] pci 0000:02:05.0: System wakeup disabled by ACPI
Sep 14 14:46:55 cu-cs-vm kernel: [    0.502710] pci 0000:00:11.0: PCI bridge to [bus 02] (subtractive decode)
Sep 14 14:46:55 cu-cs-vm kernel: [    0.502809] pci 0000:00:11.0:   bridge window [io  0x2000-0x3fff]
Sep 14 14:46:55 cu-cs-vm kernel: [    0.502826] pci 0000:00:11.0:   bridge window [mem 0xfd500000-0xfdffffff]
Sep 14 14:46:55 cu-cs-vm kernel: [    0.502858] pci 0000:00:11.0:   bridge window [mem 0xe7b00000-0xe7ffffff 64bit pref]
Sep 14 14:46:55 cu-cs-vm kernel: [    0.502859] pci 0000:00:11.0:   bridge window [mem 0x000a0000-0x000bffff window] (subtractive decode)
Sep 14 14:46:55 cu-cs-vm kernel: [    0.502860] pci 0000:00:11.0:   bridge window [mem 0x000cc000-0x000cffff window] (subtractive decode)
Sep 14 14:46:55 cu-cs-vm kernel: [    0.502861] pci 0000:00:11.0:   bridge window [mem 0x000d0000-0x000d3fff window] (subtractive decode)
Sep 14 14:46:55 cu-cs-vm kernel: [    0.502862] pci 0000:00:11.0:   bridge window [mem 0x000d4000-0x000d7fff window] (subtractive decode)
Sep 14 14:46:55 cu-cs-vm kernel: [    0.502863] pci 0000:00:11.0:   bridge window [mem 0x000d8000-0x000dbfff window] (subtractive decode)
Sep 14 14:46:55 cu-cs-vm kernel: [    0.502864] pci 0000:00:11.0:   bridge window [mem 0xc0000000-0xfebfffff window] (subtractive decode)
Sep 14 14:46:55 cu-cs-vm kernel: [    0.502865] pci 0000:00:11.0:   bridge window [io  0x0000-0x0cf7 window] (subtractive decode)
Sep 14 14:46:55 cu-cs-vm kernel: [    0.502866] pci 0000:00:11.0:   bridge window [io  0x0d00-0xfeff window] (subtractive decode)
Sep 14 14:46:55 cu-cs-vm kernel: [    0.503146] pci 0000:00:15.0: PCI bridge to [bus 03]
Sep 14 14:46:55 cu-cs-vm kernel: [    0.503235] pci 0000:00:15.0:   bridge window [io  0x4000-0x4fff]
Sep 14 14:46:55 cu-cs-vm kernel: [    0.503252] pci 0000:00:15.0:   bridge window [mem 0xfd400000-0xfd4fffff]
Sep 14 14:46:55 cu-cs-vm kernel: [    0.503284] pci 0000:00:15.0:   bridge window [mem 0xe7a00000-0xe7afffff 64bit pref]
Sep 14 14:46:55 cu-cs-vm kernel: [    0.503564] pci 0000:00:15.1: PCI bridge to [bus 04]
Sep 14 14:46:55 cu-cs-vm kernel: [    0.503655] pci 0000:00:15.1:   bridge window [io  0x8000-0x8fff]
Sep 14 14:46:55 cu-cs-vm kernel: [    0.503672] pci 0000:00:15.1:   bridge window [mem 0xfd000000-0xfd0fffff]
Sep 14 14:46:55 cu-cs-vm kernel: [    0.503705] pci 0000:00:15.1:   bridge window [mem 0xe7600000-0xe76fffff 64bit pref]
Sep 14 14:46:55 cu-cs-vm kernel: [    0.503966] pci 0000:00:15.2: PCI bridge to [bus 05]
Sep 14 14:46:55 cu-cs-vm kernel: [    0.504055] pci 0000:00:15.2:   bridge window [io  0xc000-0xcfff]
Sep 14 14:46:55 cu-cs-vm kernel: [    0.504072] pci 0000:00:15.2:   bridge window [mem 0xfcc00000-0xfccfffff]
Sep 14 14:46:55 cu-cs-vm kernel: [    0.504104] pci 0000:00:15.2:   bridge window [mem 0xe7200000-0xe72fffff 64bit pref]
Sep 14 14:46:55 cu-cs-vm kernel: [    0.504369] pci 0000:00:15.3: PCI bridge to [bus 06]
Sep 14 14:46:55 cu-cs-vm kernel: [    0.504474] pci 0000:00:15.3:   bridge window [mem 0xfc800000-0xfc8fffff]
Sep 14 14:46:55 cu-cs-vm kernel: [    0.504506] pci 0000:00:15.3:   bridge window [mem 0xe6e00000-0xe6efffff 64bit pref]
Sep 14 14:46:55 cu-cs-vm kernel: [    0.504793] pci 0000:00:15.4: PCI bridge to [bus 07]
Sep 14 14:46:55 cu-cs-vm kernel: [    0.504899] pci 0000:00:15.4:   bridge window [mem 0xfc400000-0xfc4fffff]
Sep 14 14:46:55 cu-cs-vm kernel: [    0.504931] pci 0000:00:15.4:   bridge window [mem 0xe6a00000-0xe6afffff 64bit pref]
Sep 14 14:46:55 cu-cs-vm kernel: [    0.505188] pci 0000:00:15.5: PCI bridge to [bus 08]
Sep 14 14:46:55 cu-cs-vm kernel: [    0.505292] pci 0000:00:15.5:   bridge window [mem 0xfc000000-0xfc0fffff]
Sep 14 14:46:55 cu-cs-vm kernel: [    0.505324] pci 0000:00:15.5:   bridge window [mem 0xe6600000-0xe66fffff 64bit pref]
Sep 14 14:46:55 cu-cs-vm kernel: [    0.505577] pci 0000:00:15.6: PCI bridge to [bus 09]
Sep 14 14:46:55 cu-cs-vm kernel: [    0.505681] pci 0000:00:15.6:   bridge window [mem 0xfbc00000-0xfbcfffff]
Sep 14 14:46:55 cu-cs-vm kernel: [    0.505713] pci 0000:00:15.6:   bridge window [mem 0xe6200000-0xe62fffff 64bit pref]
Sep 14 14:46:55 cu-cs-vm kernel: [    0.505987] pci 0000:00:15.7: PCI bridge to [bus 0a]
Sep 14 14:46:55 cu-cs-vm kernel: [    0.506091] pci 0000:00:15.7:   bridge window [mem 0xfb800000-0xfb8fffff]
Sep 14 14:46:55 cu-cs-vm kernel: [    0.506123] pci 0000:00:15.7:   bridge window [mem 0xe5e00000-0xe5efffff 64bit pref]
Sep 14 14:46:55 cu-cs-vm kernel: [    0.506387] pci 0000:00:16.0: PCI bridge to [bus 0b]
Sep 14 14:46:55 cu-cs-vm kernel: [    0.506477] pci 0000:00:16.0:   bridge window [io  0x5000-0x5fff]
Sep 14 14:46:55 cu-cs-vm kernel: [    0.506494] pci 0000:00:16.0:   bridge window [mem 0xfd300000-0xfd3fffff]
Sep 14 14:46:55 cu-cs-vm kernel: [    0.506526] pci 0000:00:16.0:   bridge window [mem 0xe7900000-0xe79fffff 64bit pref]
Sep 14 14:46:55 cu-cs-vm kernel: [    0.506781] pci 0000:00:16.1: PCI bridge to [bus 0c]
Sep 14 14:46:55 cu-cs-vm kernel: [    0.506870] pci 0000:00:16.1:   bridge window [io  0x9000-0x9fff]
Sep 14 14:46:55 cu-cs-vm kernel: [    0.506887] pci 0000:00:16.1:   bridge window [mem 0xfcf00000-0xfcffffff]
Sep 14 14:46:55 cu-cs-vm kernel: [    0.506919] pci 0000:00:16.1:   bridge window [mem 0xe7500000-0xe75fffff 64bit pref]
Sep 14 14:46:55 cu-cs-vm kernel: [    0.507191] pci 0000:00:16.2: PCI bridge to [bus 0d]
Sep 14 14:46:55 cu-cs-vm kernel: [    0.507280] pci 0000:00:16.2:   bridge window [io  0xd000-0xdfff]
Sep 14 14:46:55 cu-cs-vm kernel: [    0.507297] pci 0000:00:16.2:   bridge window [mem 0xfcb00000-0xfcbfffff]
Sep 14 14:46:55 cu-cs-vm kernel: [    0.507329] pci 0000:00:16.2:   bridge window [mem 0xe7100000-0xe71fffff 64bit pref]
Sep 14 14:46:55 cu-cs-vm kernel: [    0.507581] pci 0000:00:16.3: PCI bridge to [bus 0e]
Sep 14 14:46:55 cu-cs-vm kernel: [    0.507685] pci 0000:00:16.3:   bridge window [mem 0xfc700000-0xfc7fffff]
Sep 14 14:46:55 cu-cs-vm kernel: [    0.507717] pci 0000:00:16.3:   bridge window [mem 0xe6d00000-0xe6dfffff 64bit pref]
Sep 14 14:46:55 cu-cs-vm kernel: [    0.507969] pci 0000:00:16.4: PCI bridge to [bus 0f]
Sep 14 14:46:55 cu-cs-vm kernel: [    0.508073] pci 0000:00:16.4:   bridge window [mem 0xfc300000-0xfc3fffff]
Sep 14 14:46:55 cu-cs-vm kernel: [    0.508105] pci 0000:00:16.4:   bridge window [mem 0xe6900000-0xe69fffff 64bit pref]
Sep 14 14:46:55 cu-cs-vm kernel: [    0.508385] pci 0000:00:16.5: PCI bridge to [bus 10]
Sep 14 14:46:55 cu-cs-vm kernel: [    0.508490] pci 0000:00:16.5:   bridge window [mem 0xfbf00000-0xfbffffff]
Sep 14 14:46:55 cu-cs-vm kernel: [    0.508529] pci 0000:00:16.5:   bridge window [mem 0xe6500000-0xe65fffff 64bit pref]
Sep 14 14:46:55 cu-cs-vm kernel: [    0.508788] pci 0000:00:16.6: PCI bridge to [bus 11]
Sep 14 14:46:55 cu-cs-vm kernel: [    0.508893] pci 0000:00:16.6:   bridge window [mem 0xfbb00000-0xfbbfffff]
Sep 14 14:46:55 cu-cs-vm kernel: [    0.508925] pci 0000:00:16.6:   bridge window [mem 0xe6100000-0xe61fffff 64bit pref]
Sep 14 14:46:55 cu-cs-vm kernel: [    0.509178] pci 0000:00:16.7: PCI bridge to [bus 12]
Sep 14 14:46:55 cu-cs-vm kernel: [    0.509281] pci 0000:00:16.7:   bridge window [mem 0xfb700000-0xfb7fffff]
Sep 14 14:46:55 cu-cs-vm kernel: [    0.509314] pci 0000:00:16.7:   bridge window [mem 0xe5d00000-0xe5dfffff 64bit pref]
Sep 14 14:46:55 cu-cs-vm kernel: [    0.509588] pci 0000:00:17.0: PCI bridge to [bus 13]
Sep 14 14:46:55 cu-cs-vm kernel: [    0.509677] pci 0000:00:17.0:   bridge window [io  0x6000-0x6fff]
Sep 14 14:46:55 cu-cs-vm kernel: [    0.509694] pci 0000:00:17.0:   bridge window [mem 0xfd200000-0xfd2fffff]
Sep 14 14:46:55 cu-cs-vm kernel: [    0.509726] pci 0000:00:17.0:   bridge window [mem 0xe7800000-0xe78fffff 64bit pref]
Sep 14 14:46:55 cu-cs-vm kernel: [    0.509980] pci 0000:00:17.1: PCI bridge to [bus 14]
Sep 14 14:46:55 cu-cs-vm kernel: [    0.510068] pci 0000:00:17.1:   bridge window [io  0xa000-0xafff]
Sep 14 14:46:55 cu-cs-vm kernel: [    0.510085] pci 0000:00:17.1:   bridge window [mem 0xfce00000-0xfcefffff]
Sep 14 14:46:55 cu-cs-vm kernel: [    0.510117] pci 0000:00:17.1:   bridge window [mem 0xe7400000-0xe74fffff 64bit pref]
Sep 14 14:46:55 cu-cs-vm kernel: [    0.510370] pci 0000:00:17.2: PCI bridge to [bus 15]
Sep 14 14:46:55 cu-cs-vm kernel: [    0.510459] pci 0000:00:17.2:   bridge window [io  0xe000-0xefff]
Sep 14 14:46:55 cu-cs-vm kernel: [    0.510476] pci 0000:00:17.2:   bridge window [mem 0xfca00000-0xfcafffff]
Sep 14 14:46:55 cu-cs-vm kernel: [    0.510507] pci 0000:00:17.2:   bridge window [mem 0xe7000000-0xe70fffff 64bit pref]
Sep 14 14:46:55 cu-cs-vm kernel: [    0.510827] pci 0000:00:17.3: PCI bridge to [bus 16]
Sep 14 14:46:55 cu-cs-vm kernel: [    0.510932] pci 0000:00:17.3:   bridge window [mem 0xfc600000-0xfc6fffff]
Sep 14 14:46:55 cu-cs-vm kernel: [    0.510965] pci 0000:00:17.3:   bridge window [mem 0xe6c00000-0xe6cfffff 64bit pref]
Sep 14 14:46:55 cu-cs-vm kernel: [    0.511223] pci 0000:00:17.4: PCI bridge to [bus 17]
Sep 14 14:46:55 cu-cs-vm kernel: [    0.511328] pci 0000:00:17.4:   bridge window [mem 0xfc200000-0xfc2fffff]
Sep 14 14:46:55 cu-cs-vm kernel: [    0.511359] pci 0000:00:17.4:   bridge window [mem 0xe6800000-0xe68fffff 64bit pref]
Sep 14 14:46:55 cu-cs-vm kernel: [    0.511650] pci 0000:00:17.5: PCI bridge to [bus 18]
Sep 14 14:46:55 cu-cs-vm kernel: [    0.511754] pci 0000:00:17.5:   bridge window [mem 0xfbe00000-0xfbefffff]
Sep 14 14:46:55 cu-cs-vm kernel: [    0.511787] pci 0000:00:17.5:   bridge window [mem 0xe6400000-0xe64fffff 64bit pref]
Sep 14 14:46:55 cu-cs-vm kernel: [    0.512075] pci 0000:00:17.6: PCI bridge to [bus 19]
Sep 14 14:46:55 cu-cs-vm kernel: [    0.512180] pci 0000:00:17.6:   bridge window [mem 0xfba00000-0xfbafffff]
Sep 14 14:46:55 cu-cs-vm kernel: [    0.512212] pci 0000:00:17.6:   bridge window [mem 0xe6000000-0xe60fffff 64bit pref]
Sep 14 14:46:55 cu-cs-vm kernel: [    0.512465] pci 0000:00:17.7: PCI bridge to [bus 1a]
Sep 14 14:46:55 cu-cs-vm kernel: [    0.512570] pci 0000:00:17.7:   bridge window [mem 0xfb600000-0xfb6fffff]
Sep 14 14:46:55 cu-cs-vm kernel: [    0.512602] pci 0000:00:17.7:   bridge window [mem 0xe5c00000-0xe5cfffff 64bit pref]
Sep 14 14:46:55 cu-cs-vm kernel: [    0.512868] pci 0000:00:18.0: PCI bridge to [bus 1b]
Sep 14 14:46:55 cu-cs-vm kernel: [    0.512958] pci 0000:00:18.0:   bridge window [io  0x7000-0x7fff]
Sep 14 14:46:55 cu-cs-vm kernel: [    0.512974] pci 0000:00:18.0:   bridge window [mem 0xfd100000-0xfd1fffff]
Sep 14 14:46:55 cu-cs-vm kernel: [    0.513007] pci 0000:00:18.0:   bridge window [mem 0xe7700000-0xe77fffff 64bit pref]
Sep 14 14:46:55 cu-cs-vm kernel: [    0.513262] pci 0000:00:18.1: PCI bridge to [bus 1c]
Sep 14 14:46:55 cu-cs-vm kernel: [    0.513351] pci 0000:00:18.1:   bridge window [io  0xb000-0xbfff]
Sep 14 14:46:55 cu-cs-vm kernel: [    0.513368] pci 0000:00:18.1:   bridge window [mem 0xfcd00000-0xfcdfffff]
Sep 14 14:46:55 cu-cs-vm kernel: [    0.513400] pci 0000:00:18.1:   bridge window [mem 0xe7300000-0xe73fffff 64bit pref]
Sep 14 14:46:55 cu-cs-vm kernel: [    0.513653] pci 0000:00:18.2: PCI bridge to [bus 1d]
Sep 14 14:46:55 cu-cs-vm kernel: [    0.513758] pci 0000:00:18.2:   bridge window [mem 0xfc900000-0xfc9fffff]
Sep 14 14:46:55 cu-cs-vm kernel: [    0.513790] pci 0000:00:18.2:   bridge window [mem 0xe6f00000-0xe6ffffff 64bit pref]
Sep 14 14:46:55 cu-cs-vm kernel: [    0.514045] pci 0000:00:18.3: PCI bridge to [bus 1e]
Sep 14 14:46:55 cu-cs-vm kernel: [    0.514149] pci 0000:00:18.3:   bridge window [mem 0xfc500000-0xfc5fffff]
Sep 14 14:46:55 cu-cs-vm kernel: [    0.514181] pci 0000:00:18.3:   bridge window [mem 0xe6b00000-0xe6bfffff 64bit pref]
Sep 14 14:46:55 cu-cs-vm kernel: [    0.514466] pci 0000:00:18.4: PCI bridge to [bus 1f]
Sep 14 14:46:55 cu-cs-vm kernel: [    0.514570] pci 0000:00:18.4:   bridge window [mem 0xfc100000-0xfc1fffff]
Sep 14 14:46:55 cu-cs-vm kernel: [    0.514602] pci 0000:00:18.4:   bridge window [mem 0xe6700000-0xe67fffff 64bit pref]
Sep 14 14:46:55 cu-cs-vm kernel: [    0.514925] pci 0000:00:18.5: PCI bridge to [bus 20]
Sep 14 14:46:55 cu-cs-vm kernel: [    0.515030] pci 0000:00:18.5:   bridge window [mem 0xfbd00000-0xfbdfffff]
Sep 14 14:46:55 cu-cs-vm kernel: [    0.515062] pci 0000:00:18.5:   bridge window [mem 0xe6300000-0xe63fffff 64bit pref]
Sep 14 14:46:55 cu-cs-vm kernel: [    0.515316] pci 0000:00:18.6: PCI bridge to [bus 21]
Sep 14 14:46:55 cu-cs-vm kernel: [    0.515421] pci 0000:00:18.6:   bridge window [mem 0xfb900000-0xfb9fffff]
Sep 14 14:46:55 cu-cs-vm kernel: [    0.515452] pci 0000:00:18.6:   bridge window [mem 0xe5f00000-0xe5ffffff 64bit pref]
Sep 14 14:46:55 cu-cs-vm kernel: [    0.515707] pci 0000:00:18.7: PCI bridge to [bus 22]
Sep 14 14:46:55 cu-cs-vm kernel: [    0.515812] pci 0000:00:18.7:   bridge window [mem 0xfb500000-0xfb5fffff]
Sep 14 14:46:55 cu-cs-vm kernel: [    0.515844] pci 0000:00:18.7:   bridge window [mem 0xe5b00000-0xe5bfffff 64bit pref]
Sep 14 14:46:55 cu-cs-vm kernel: [    0.517692] ACPI: PCI Interrupt Link [LNKA] (IRQs 3 4 5 6 7 *9 10 11 14 15), disabled.
Sep 14 14:46:55 cu-cs-vm kernel: [    0.518042] ACPI: PCI Interrupt Link [LNKB] (IRQs 3 4 5 6 7 9 10 *11 14 15), disabled.
Sep 14 14:46:55 cu-cs-vm kernel: [    0.518387] ACPI: PCI Interrupt Link [LNKC] (IRQs 3 4 5 6 7 9 *10 11 14 15), disabled.
Sep 14 14:46:55 cu-cs-vm kernel: [    0.518729] ACPI: PCI Interrupt Link [LNKD] (IRQs 3 4 5 6 *7 9 10 11 14 15), disabled.
Sep 14 14:46:55 cu-cs-vm kernel: [    0.528791] ACPI: Enabled 2 GPEs in block 00 to 0F
Sep 14 14:46:55 cu-cs-vm kernel: [    0.529184] vgaarb: setting as boot device: PCI:0000:00:0f.0
Sep 14 14:46:55 cu-cs-vm kernel: [    0.529265] vgaarb: device added: PCI:0000:00:0f.0,decodes=io+mem,owns=io+mem,locks=none
Sep 14 14:46:55 cu-cs-vm kernel: [    0.529393] vgaarb: loaded
Sep 14 14:46:55 cu-cs-vm kernel: [    0.529453] vgaarb: bridge control possible 0000:00:0f.0
Sep 14 14:46:55 cu-cs-vm kernel: [    0.529706] SCSI subsystem initialized
Sep 14 14:46:55 cu-cs-vm kernel: [    0.529935] libata version 3.00 loaded.
Sep 14 14:46:55 cu-cs-vm kernel: [    0.529999] ACPI: bus type USB registered
Sep 14 14:46:55 cu-cs-vm kernel: [    0.530088] usbcore: registered new interface driver usbfs
Sep 14 14:46:55 cu-cs-vm kernel: [    0.530168] usbcore: registered new interface driver hub
Sep 14 14:46:55 cu-cs-vm kernel: [    0.530277] usbcore: registered new device driver usb
Sep 14 14:46:55 cu-cs-vm kernel: [    0.530727] PCI: Using ACPI for IRQ routing
Sep 14 14:46:55 cu-cs-vm kernel: [    0.552935] PCI: pci_cache_line_size set to 64 bytes
Sep 14 14:46:55 cu-cs-vm kernel: [    0.553700] e820: reserve RAM buffer [mem 0x0009e800-0x0009ffff]
Sep 14 14:46:55 cu-cs-vm kernel: [    0.553702] e820: reserve RAM buffer [mem 0x7fee0000-0x7fffffff]
Sep 14 14:46:55 cu-cs-vm kernel: [    0.553873] NetLabel: Initializing
Sep 14 14:46:55 cu-cs-vm kernel: [    0.553943] NetLabel:  domain hash size = 128
Sep 14 14:46:55 cu-cs-vm kernel: [    0.554011] NetLabel:  protocols = UNLABELED CIPSOv4
Sep 14 14:46:55 cu-cs-vm kernel: [    0.554089] NetLabel:  unlabeled traffic allowed by default
Sep 14 14:46:55 cu-cs-vm kernel: [    0.554339] amd_nb: Cannot enumerate AMD northbridges
Sep 14 14:46:55 cu-cs-vm kernel: [    0.554487] clocksource: Switched to clocksource refined-jiffies
Sep 14 14:46:55 cu-cs-vm kernel: [    0.560477] AppArmor: AppArmor Filesystem Enabled
Sep 14 14:46:55 cu-cs-vm kernel: [    0.560625] pnp: PnP ACPI init
Sep 14 14:46:55 cu-cs-vm kernel: [    0.560898] system 00:00: [io  0x1000-0x103f] could not be reserved
Sep 14 14:46:55 cu-cs-vm kernel: [    0.560980] system 00:00: [io  0x1040-0x104f] has been reserved
Sep 14 14:46:55 cu-cs-vm kernel: [    0.561057] system 00:00: [io  0x0cf0-0x0cf1] has been reserved
Sep 14 14:46:55 cu-cs-vm kernel: [    0.561136] system 00:00: Plug and Play ACPI device, IDs PNP0c02 (active)
Sep 14 14:46:55 cu-cs-vm kernel: [    0.561157] pnp 00:01: Plug and Play ACPI device, IDs PNP0b00 (active)
Sep 14 14:46:55 cu-cs-vm kernel: [    0.561193] pnp 00:02: Plug and Play ACPI device, IDs PNP0303 (active)
Sep 14 14:46:55 cu-cs-vm kernel: [    0.561209] pnp 00:03: Plug and Play ACPI device, IDs PNP0f13 VMW0003 (active)
Sep 14 14:46:55 cu-cs-vm kernel: [    0.562640] system 00:04: [io  0xfce0-0xfcff] has been reserved
Sep 14 14:46:55 cu-cs-vm kernel: [    0.562722] system 00:04: [mem 0xf0000000-0xf7ffffff] has been reserved
Sep 14 14:46:55 cu-cs-vm kernel: [    0.562803] system 00:04: [mem 0xfe800000-0xfe9fffff] has been reserved
Sep 14 14:46:55 cu-cs-vm kernel: [    0.562883] system 00:04: Plug and Play ACPI device, IDs PNP0c02 (active)
Sep 14 14:46:55 cu-cs-vm kernel: [    0.567464] pnp: PnP ACPI: found 5 devices
Sep 14 14:46:55 cu-cs-vm kernel: [    0.577050] clocksource: acpi_pm: mask: 0xffffff max_cycles: 0xffffff, max_idle_ns: 2085701024 ns
Sep 14 14:46:55 cu-cs-vm kernel: [    0.577248] clocksource: Switched to clocksource acpi_pm
Sep 14 14:46:55 cu-cs-vm kernel: [    0.577595] pci 0000:00:15.3: bridge window [io  0x1000-0x0fff] to [bus 06] add_size 1000
Sep 14 14:46:55 cu-cs-vm kernel: [    0.577643] pci 0000:00:15.4: bridge window [io  0x1000-0x0fff] to [bus 07] add_size 1000
Sep 14 14:46:55 cu-cs-vm kernel: [    0.577690] pci 0000:00:15.5: bridge window [io  0x1000-0x0fff] to [bus 08] add_size 1000
Sep 14 14:46:55 cu-cs-vm kernel: [    0.577737] pci 0000:00:15.6: bridge window [io  0x1000-0x0fff] to [bus 09] add_size 1000
Sep 14 14:46:55 cu-cs-vm kernel: [    0.577784] pci 0000:00:15.7: bridge window [io  0x1000-0x0fff] to [bus 0a] add_size 1000
Sep 14 14:46:55 cu-cs-vm kernel: [    0.577967] pci 0000:00:16.3: bridge window [io  0x1000-0x0fff] to [bus 0e] add_size 1000
Sep 14 14:46:55 cu-cs-vm kernel: [    0.578015] pci 0000:00:16.4: bridge window [io  0x1000-0x0fff] to [bus 0f] add_size 1000
Sep 14 14:46:55 cu-cs-vm kernel: [    0.578061] pci 0000:00:16.5: bridge window [io  0x1000-0x0fff] to [bus 10] add_size 1000
Sep 14 14:46:55 cu-cs-vm kernel: [    0.578109] pci 0000:00:16.6: bridge window [io  0x1000-0x0fff] to [bus 11] add_size 1000
Sep 14 14:46:55 cu-cs-vm kernel: [    0.578156] pci 0000:00:16.7: bridge window [io  0x1000-0x0fff] to [bus 12] add_size 1000
Sep 14 14:46:55 cu-cs-vm kernel: [    0.578339] pci 0000:00:17.3: bridge window [io  0x1000-0x0fff] to [bus 16] add_size 1000
Sep 14 14:46:55 cu-cs-vm kernel: [    0.578386] pci 0000:00:17.4: bridge window [io  0x1000-0x0fff] to [bus 17] add_size 1000
Sep 14 14:46:55 cu-cs-vm kernel: [    0.578434] pci 0000:00:17.5: bridge window [io  0x1000-0x0fff] to [bus 18] add_size 1000
